   Compiling proc-macro2 v1.0.107
   Compiling glob v0.3.4
   Compiling quote v1.0.47
   Compiling unicode-ident v1.0.24
   Compiling prettyplease v0.2.37
   Compiling libc v0.2.189
   Compiling memchr v2.8.3
   Compiling cfg-if v1.0.4
   Compiling regex-syntax v0.8.11
   Compiling minimal-lexical v0.2.1
   Compiling either v1.18.0
   Compiling bindgen v0.70.1
   Compiling rustc-hash v1.1.0
   Compiling log v0.4.34
   Compiling shlex v1.3.0
   Compiling bitflags v2.13.1
   Compiling regex-automata v0.4.18
   Compiling nom v7.1.3
   Compiling libloading v0.8.9
   Compiling itertools v0.13.0
   Compiling clang-sys v1.9.1
error: failed to run custom build command for `proc-macro2 v1.0.107`

Caused by:
  process didn't exit successfully: `/mnt/1tb_kingston/entropyfs-pre6/target/court-mnt/work-target/release/build/proc-macro2-65aa33f91df4a967/build-script-build` (signal: 11, SIGSEGV: invalid memory reference)
warning: build failed, waiting for other jobs to finish...
error: failed to run custom build command for `libc v0.2.189`

Caused by:
  process didn't exit successfully: `/mnt/1tb_kingston/entropyfs-pre6/target/court-mnt/work-target/release/build/libc-77af43955c7ddd06/build-script-build` (signal: 7, SIGBUS: access to undefined memory)
