op_write semaphore t1: n=2581 p50=1199.0 p95=6506.8 p99=8046.0 us
op_read semaphore t1: n=1897 p50=34.0 p95=693.9 p99=1228.7 us
op_fsync semaphore t1: n=24 p50=3789.5 p95=4405.0 p99=212323.5 us
op_lookup semaphore t1: n=3634 p50=8.3 p95=30.5 p99=41.8 us
op_create semaphore t1: n=879 p50=18.9 p95=42.5 p99=58.4 us
op_rename semaphore t1: n=75 p50=25.8 p95=54.1 p99=60.7 us
op_write semaphore t4: n=3695 p50=144.9 p95=15420.7 p99=23878.7 us
op_read semaphore t4: n=2294 p50=89.1 p95=744.2 p99=4260.1 us
op_fsync semaphore t4: n=96 p50=5477.3 p95=9023.6 p99=300003.7 us
op_lookup semaphore t4: n=4844 p50=17.6 p95=73.9 p99=207.5 us
op_create semaphore t4: n=2180 p50=82.3 p95=1844.6 p99=6054.5 us
op_rename semaphore t4: n=158 p50=14.0 p95=54.3 p99=1998.5 us
op_write semaphore t8: n=5918 p50=249.1 p95=35716.8 p99=71717.0 us
op_read semaphore t8: n=3076 p50=145.6 p95=1729.3 p99=31814.4 us
op_fsync semaphore t8: n=192 p50=5488.3 p95=8366.5 p99=342317.3 us
op_lookup semaphore t8: n=7160 p50=26.3 p95=208.9 p99=64769.2 us
op_create semaphore t8: n=4025 p50=145.4 p95=2845.5 p99=10279.8 us
op_rename semaphore t8: n=280 p50=28.1 p95=100.7 p99=35515.3 us
op_write semaphore t16: n=9639 p50=386.7 p95=64831.0 p99=133826.9 us
op_read semaphore t16: n=4486 p50=291.5 p95=1947.0 p99=53395.5 us
op_fsync semaphore t16: n=384 p50=6981.0 p95=10652.2 p99=13726.6 us
op_lookup semaphore t16: n=11310 p50=29.3 p95=472.0 p99=65792.0 us
op_create semaphore t16: n=7640 p50=320.4 p95=6813.0 p99=28973.8 us
op_rename semaphore t16: n=518 p50=38.5 p95=78.7 p99=11721.9 us
op_write pool-8 t1: n=2589 p50=1200.4 p95=6429.8 p99=8064.8 us
op_read pool-8 t1: n=1901 p50=30.1 p95=651.5 p99=1223.5 us
op_fsync pool-8 t1: n=24 p50=3908.5 p95=4512.6 p99=229984.3 us
op_lookup pool-8 t1: n=3615 p50=7.9 p95=30.6 p99=42.2 us
op_create pool-8 t1: n=879 p50=20.2 p95=41.2 p99=52.2 us
op_rename pool-8 t1: n=75 p50=26.5 p95=61.8 p99=71.7 us
op_write pool-8 t4: n=3694 p50=114.0 p95=15443.1 p99=21348.1 us
op_read pool-8 t4: n=2313 p50=43.2 p95=576.0 p99=2035.8 us
op_fsync pool-8 t4: n=96 p50=5466.8 p95=9191.7 p99=249012.3 us
op_lookup pool-8 t4: n=4847 p50=14.3 p95=68.9 p99=113.3 us
op_create pool-8 t4: n=2180 p50=58.7 p95=1785.9 p99=6814.6 us
op_rename pool-8 t4: n=158 p50=13.0 p95=60.8 p99=2125.9 us
op_write pool-8 t8: n=5667 p50=247.2 p95=12804.8 p99=61495.6 us
op_read pool-8 t8: n=3023 p50=56.9 p95=1446.7 p99=6169.8 us
op_fsync pool-8 t8: n=192 p50=5487.8 p95=9038.3 p99=11505.0 us
op_lookup pool-8 t8: n=7036 p50=28.7 p95=165.5 p99=30382.9 us
op_create pool-8 t8: n=4000 p50=181.4 p95=2634.5 p99=8287.2 us
op_rename pool-8 t8: n=278 p50=30.1 p95=85.8 p99=17470.3 us
op_write pool-8 t16: n=9639 p50=401.2 p95=68428.6 p99=139298.6 us
op_read pool-8 t16: n=4479 p50=134.7 p95=1311.7 p99=68893.8 us
op_fsync pool-8 t16: n=384 p50=6614.8 p95=10040.4 p99=13149.4 us
op_lookup pool-8 t16: n=11359 p50=34.3 p95=566.2 p99=70311.5 us
op_create pool-8 t16: n=7640 p50=326.8 p95=6397.0 p99=20518.6 us
op_rename pool-8 t16: n=518 p50=35.7 p95=77.6 p99=8602.1 us
op_write pool-16 t1: n=3924 p50=1839.9 p95=6528.2 p99=9457.9 us
op_read pool-16 t1: n=3015 p50=49.7 p95=893.5 p99=1836.1 us
op_fsync pool-16 t1: n=24 p50=4093.2 p95=5713.2 p99=5948.5 us
op_lookup pool-16 t1: n=4659 p50=8.2 p95=32.0 p99=45.8 us
op_create pool-16 t1: n=1031 p50=21.1 p95=38.8 p99=69.6 us
op_rename pool-16 t1: n=89 p50=27.4 p95=46.6 p99=58.8 us
op_write pool-16 t4: n=3699 p50=167.3 p95=11312.4 p99=21218.6 us
op_read pool-16 t4: n=2317 p50=46.7 p95=599.5 p99=2284.9 us
op_fsync pool-16 t4: n=96 p50=5082.2 p95=7980.8 p99=11019.2 us
op_lookup pool-16 t4: n=4818 p50=23.4 p95=87.5 p99=372.0 us
op_create pool-16 t4: n=2180 p50=105.5 p95=1731.2 p99=5078.4 us
op_rename pool-16 t4: n=158 p50=14.9 p95=88.5 p99=134.6 us
op_write pool-16 t8: n=5652 p50=203.8 p95=13632.9 p99=66177.8 us
op_read pool-16 t8: n=3065 p50=50.7 p95=634.9 p99=28767.7 us
op_fsync pool-16 t8: n=192 p50=5083.4 p95=9410.8 p99=22869.5 us
op_lookup pool-16 t8: n=7029 p50=29.9 p95=237.7 p99=33382.9 us
op_create pool-16 t8: n=4015 p50=131.7 p95=3028.1 p99=9991.9 us
op_rename pool-16 t8: n=278 p50=26.6 p95=162.4 p99=13691.9 us
op_write pool-16 t16: n=9647 p50=380.6 p95=33115.8 p99=134665.7 us
op_read pool-16 t16: n=4462 p50=175.1 p95=1387.3 p99=60918.6 us
op_fsync pool-16 t16: n=384 p50=6536.7 p95=9983.5 p99=12704.9 us
op_lookup pool-16 t16: n=11295 p50=26.4 p95=354.3 p99=67041.1 us
op_create pool-16 t16: n=7640 p50=297.2 p95=6375.8 p99=21583.5 us
op_rename pool-16 t16: n=518 p50=36.0 p95=85.6 p99=5098.9 us
