  Installing entropyfs v0.7.11 (/out/work)
warning: default toolchain implicitly overridden with `stable-x86_64-unknown-linux-gnu` by rustup toolchain file
  |
  = help: use `cargo +stable install` if you meant to use the stable toolchain
  = note: rustup selects the toolchain based on the parent environment and not the environment of the package being installed
    Updating crates.io index
warning: variable does not need to be mutable
   --> src/dsfb/semantics.rs:227:13
    |
227 |         let mut step = (sample.len() / 2048).max(1);
    |             ----^^^^
    |             |
    |             help: remove this `mut`
    |
    = note: `#[warn(unused_mut)]` (part of `#[warn(unused)]`) on by default

warning: variable does not need to be mutable
    --> src/store/mod.rs:6467:29
     |
6467 |                         let mut cur = Store::inode_for_tx(tx, *child)?;
     |                             ----^^^
     |                             |
     |                             help: remove this `mut`

warning: variable does not need to be mutable
    --> src/store/mod.rs:6590:29
     |
6590 |                         let mut cur = Store::inode_for_tx(tx, *src_ino)?;
     |                             ----^^^
     |                             |
     |                             help: remove this `mut`

warning: type `Composed` is more private than the item `WorkerTask::EncodeChunk::composed`
    --> src/store/workers.rs:384:9
     |
 384 |         composed: super::Composed,
     |         ^^^^^^^^^^^^^^^^^^^^^^^^^ field `WorkerTask::EncodeChunk::composed` is reachable at visibility `pub`
     |
note: but type `Composed` is only usable at visibility `pub(crate)`
    --> src/store/mod.rs:3488:1
     |
3488 | pub(crate) struct Composed {
     | ^^^^^^^^^^^^^^^^^^^^^^^^^^
     = note: `#[warn(private_interfaces)]` on by default

warning: `entropyfs` (lib) generated 4 warnings (run `cargo fix --lib -p entropyfs` to apply 3 suggestions)
    Finished `release` profile [optimized + debuginfo] target(s) in 0.89s
  Installing /opt/efs/bin/entropyfs
   Installed package `entropyfs v0.7.11 (/out/work)` (executable `entropyfs`)
warning: be sure to add `/opt/efs/bin` to your PATH to be able to run the installed binaries
