warning: variable does not need to be mutable
   --> src/dsfb/semantics.rs:227:13
    |
227 |         let mut step = (sample.len() / 2048).max(1);
    |             ----^^^^
    |             |
    |             help: remove this `mut`
    |
    = note: `#[warn(unused_mut)]` (part of `#[warn(unused)]`) on by default

warning: variable does not need to be mutable
    --> src/store/mod.rs:6467:29
     |
6467 |                         let mut cur = Store::inode_for_tx(tx, *child)?;
     |                             ----^^^
     |                             |
     |                             help: remove this `mut`

warning: variable does not need to be mutable
    --> src/store/mod.rs:6590:29
     |
6590 |                         let mut cur = Store::inode_for_tx(tx, *src_ino)?;
     |                             ----^^^
     |                             |
     |                             help: remove this `mut`

warning: unused variable: `i`
   --> src/tests/dsfb_semantics_probe.rs:113:9
    |
113 |     for i in 0..4u64 {
    |         ^ help: if this is intentional, prefix it with an underscore: `_i`
    |
    = note: `#[warn(unused_variables)]` (part of `#[warn(unused)]`) on by default

warning: unused variable: `i`
   --> src/tests/dsfb_semantics_probe.rs:126:9
    |
126 |     for i in 0..2u64 {
    |         ^ help: if this is intentional, prefix it with an underscore: `_i`

warning: unused variable: `i`
   --> src/tests/dsfb_semantics_probe.rs:255:10
    |
255 |     for (i, (path, v1)) in names.iter().enumerate() {
    |          ^ help: if this is intentional, prefix it with an underscore: `_i`

warning: unused variable: `start`
   --> src/tests/grammar_oracle.rs:251:29
    |
251 |                         let start = pos.min(r.len());
    |                             ^^^^^ help: if this is intentional, prefix it with an underscore: `_start`

warning: unused variable: `prepared`
   --> src/tests/perf_reconciled.rs:311:13
    |
311 |         let prepared = store
    |             ^^^^^^^^ help: if this is intentional, prefix it with an underscore: `_prepared`

warning: type `Composed` is more private than the item `workers::WorkerTask::EncodeChunk::composed`
    --> src/store/workers.rs:384:9
     |
 384 |         composed: super::Composed,
     |         ^^^^^^^^^^^^^^^^^^^^^^^^^ field `workers::WorkerTask::EncodeChunk::composed` is reachable at visibility `pub`
     |
note: but type `Composed` is only usable at visibility `pub(crate)`
    --> src/store/mod.rs:3488:1
     |
3488 | pub(crate) struct Composed {
     | ^^^^^^^^^^^^^^^^^^^^^^^^^^
     = note: `#[warn(private_interfaces)]` on by default

warning: function `percentile` is never used
   --> src/tests/dsfb_semantics_probe.rs:190:4
    |
190 | fn percentile(sorted: &[f64], q: f64) -> f64 {
    |    ^^^^^^^^^^
    |
    = note: `#[warn(dead_code)]` (part of `#[warn(unused)]`) on by default

warning: fields `candidates`, `chunks`, and `raw_wins` are never read
   --> src/tests/dsfb_semantics_probe.rs:200:5
    |
197 | struct ModeResult {
    |        ---------- fields in this struct
...
200 |     candidates: u64,
    |     ^^^^^^^^^^
201 |     chunks: u64,
    |     ^^^^^^
...
204 |     raw_wins: u64,
    |     ^^^^^^^^

warning: constant `MAX_MEMBERS` is never used
  --> src/tests/grammar_oracle.rs:79:7
   |
79 | const MAX_MEMBERS: usize = 512;
   |       ^^^^^^^^^^^

warning: function `contains` is never used
   --> src/tests/grammar_oracle.rs:214:4
    |
214 | fn contains(haystack: &[u8], needle: &[u8]) -> bool {
    |    ^^^^^^^^

warning: struct `NoProvider` is never constructed
   --> src/tests/io_backend_parity.rs:171:24
    |
171 |                 struct NoProvider;
    |                        ^^^^^^^^^^

warning: missing documentation for a module
    --> src/store/workers.rs:1036:1
     |
1036 | pub mod tests {
     | ^^^^^^^^^^^^^
     |
note: the lint level is defined here
    --> src/lib.rs:19:9
     |
  19 | #![warn(missing_docs)]
     |         ^^^^^^^^^^^^

warning: `entropyfs` (lib test) generated 15 warnings (run `cargo fix --lib -p entropyfs --tests` to apply 8 suggestions)
    Finished `release` profile [optimized + debuginfo] target(s) in 0.05s
     Running unittests src/lib.rs (target/release/deps/entropyfs-1656b57820206eef)

running 1 test
TRANSPORT_RESULT {"backend":"sync","device":"/mnt/2tb_crucial","mixed_cpu_s":0.5200000000000001,"mixed_mbps":59.390179741353805,"phases":[["search",6561,377.878708,34.425,212.407,986.432],["prepare",256,340.902792,530.02,3148.281,3219.063],["validation",6561,143.436923,7.865,21.04,730.555],["prune",418,139.427112,335.237,417.71,514.431],["barrier_fdatasync",35,119.630803,3335.52,3596.768,5558.422],["barrier_sb_fsync",35,117.156171,3279.426,3407.504,4389.018],["read_decode",7038,110.217796,4.699,45.525,615.509],["btree_mutation",416,92.002825,45.785,572.209,1112.327],["search_p0_bases",256,53.772563,222.827,235.209,480.828],["search_zero_fill",6561,36.301565,0.02,26.59,26.98],["search_dedup",6561,31.221856,4.078,9.568,18.064],["hash",5376,29.944161,5.29,5.59,6.803],["read_scan",7038,22.105575,3.186,3.797,4.638],["search_configurational",253,20.303269,74.469,103.563,118.642],["read_deps",7038,12.417551,0.12,4.789,8.296],["append_flush",418,11.211989,22.482,52.158,65.743],["worker_scope_wall",247,7.360181,29.015,41.558,59.851],["worker_useful_cpu",247,2.834613,8.065,28.514,29.476],["dsfb_observe",6561,2.572149,0.35,0.611,0.802],["dsfb_plan",6561,2.120335,0.32,0.471,0.681],["dsfb_trust",11937,0.930218,0.08,0.1,0.14],["superblock",418,0.689054,1.432,2.765,3.747],["read_prefetch",7038,0.243884,0.02,0.021,0.982],["barrier_sb_write",35,0.17819,5.53,6.822,16.01],["barrier_dir_sync",35,0.145531,4.358,6.692,7.113],["worker_queue_wait",247,0.024601,0.04,0.07,0.1],["begin_tx_wait",416,0.0239,0.05,0.1,0.2],["probe_pre_rans_cands",6561,0.014921,0.002,0.004,0.004],["probe_decisive1",6561,0.006308,0.001,0.001,0.001],["probe_dedup_hit",6561,0.006052,0.001,0.001,0.001],["barrier_commit_lock_wait",35,0.002113,0.05,0.14,0.261],["worker_tasks",494,0.0,0.0,0.0,0.0]],"random_read_cpu_s":0.07999999999999996,"random_read_mbps":211.81901939391113,"random_read_p50_us":16.0,"random_read_p95_us":47.0,"random_read_p99_us":63.0,"read_cpu_s":0.030000000000000027,"read_mbps":4389.777388215519,"read_p50_us":15.0,"read_p95_us":21.0,"read_p99_us":23.0,"work_mib":256,"write_barriers":1,"write_cpu_s":0.57,"write_fsync_barriers":32,"write_fsync_cpu_s":0.15000000000000002,"write_fsync_every_mbps":177.5747831644034,"write_mbps":418.8461932331762,"write_wall_s":0.611202881}
transport: device=/mnt/2tb_crucial backend=sync write=418.8 MiB/s (cpu 0.57s/0.61s) fsync=177.6 MiB/s read=4389.8 MiB/s p50=15 p95=21 p99=23 µs random=211.8 MiB/s mixed=59.4 MiB/s
test tests::transport_real_court::transport_real_court ... ok

test result: ok. 1 passed; 0 failed; 0 ignored; 0 measured; 460 filtered out; finished in 1.64s

