warning: variable does not need to be mutable
   --> src/dsfb/semantics.rs:227:13
    |
227 |         let mut step = (sample.len() / 2048).max(1);
    |             ----^^^^
    |             |
    |             help: remove this `mut`
    |
    = note: `#[warn(unused_mut)]` (part of `#[warn(unused)]`) on by default

warning: variable does not need to be mutable
    --> src/store/mod.rs:6467:29
     |
6467 |                         let mut cur = Store::inode_for_tx(tx, *child)?;
     |                             ----^^^
     |                             |
     |                             help: remove this `mut`

warning: variable does not need to be mutable
    --> src/store/mod.rs:6590:29
     |
6590 |                         let mut cur = Store::inode_for_tx(tx, *src_ino)?;
     |                             ----^^^
     |                             |
     |                             help: remove this `mut`

warning: unused variable: `i`
   --> src/tests/dsfb_semantics_probe.rs:113:9
    |
113 |     for i in 0..4u64 {
    |         ^ help: if this is intentional, prefix it with an underscore: `_i`
    |
    = note: `#[warn(unused_variables)]` (part of `#[warn(unused)]`) on by default

warning: unused variable: `i`
   --> src/tests/dsfb_semantics_probe.rs:126:9
    |
126 |     for i in 0..2u64 {
    |         ^ help: if this is intentional, prefix it with an underscore: `_i`

warning: unused variable: `i`
   --> src/tests/dsfb_semantics_probe.rs:255:10
    |
255 |     for (i, (path, v1)) in names.iter().enumerate() {
    |          ^ help: if this is intentional, prefix it with an underscore: `_i`

warning: unused variable: `start`
   --> src/tests/grammar_oracle.rs:251:29
    |
251 |                         let start = pos.min(r.len());
    |                             ^^^^^ help: if this is intentional, prefix it with an underscore: `_start`

warning: unused variable: `prepared`
   --> src/tests/perf_reconciled.rs:311:13
    |
311 |         let prepared = store
    |             ^^^^^^^^ help: if this is intentional, prefix it with an underscore: `_prepared`

warning: type `Composed` is more private than the item `workers::WorkerTask::EncodeChunk::composed`
    --> src/store/workers.rs:384:9
     |
 384 |         composed: super::Composed,
     |         ^^^^^^^^^^^^^^^^^^^^^^^^^ field `workers::WorkerTask::EncodeChunk::composed` is reachable at visibility `pub`
     |
note: but type `Composed` is only usable at visibility `pub(crate)`
    --> src/store/mod.rs:3488:1
     |
3488 | pub(crate) struct Composed {
     | ^^^^^^^^^^^^^^^^^^^^^^^^^^
     = note: `#[warn(private_interfaces)]` on by default

warning: function `percentile` is never used
   --> src/tests/dsfb_semantics_probe.rs:190:4
    |
190 | fn percentile(sorted: &[f64], q: f64) -> f64 {
    |    ^^^^^^^^^^
    |
    = note: `#[warn(dead_code)]` (part of `#[warn(unused)]`) on by default

warning: fields `candidates`, `chunks`, and `raw_wins` are never read
   --> src/tests/dsfb_semantics_probe.rs:200:5
    |
197 | struct ModeResult {
    |        ---------- fields in this struct
...
200 |     candidates: u64,
    |     ^^^^^^^^^^
201 |     chunks: u64,
    |     ^^^^^^
...
204 |     raw_wins: u64,
    |     ^^^^^^^^

warning: constant `MAX_MEMBERS` is never used
  --> src/tests/grammar_oracle.rs:79:7
   |
79 | const MAX_MEMBERS: usize = 512;
   |       ^^^^^^^^^^^

warning: function `contains` is never used
   --> src/tests/grammar_oracle.rs:214:4
    |
214 | fn contains(haystack: &[u8], needle: &[u8]) -> bool {
    |    ^^^^^^^^

warning: struct `NoProvider` is never constructed
   --> src/tests/io_backend_parity.rs:171:24
    |
171 |                 struct NoProvider;
    |                        ^^^^^^^^^^

warning: missing documentation for a module
    --> src/store/workers.rs:1036:1
     |
1036 | pub mod tests {
     | ^^^^^^^^^^^^^
     |
note: the lint level is defined here
    --> src/lib.rs:19:9
     |
  19 | #![warn(missing_docs)]
     |         ^^^^^^^^^^^^

warning: `entropyfs` (lib test) generated 15 warnings (run `cargo fix --lib -p entropyfs --tests` to apply 8 suggestions)
    Finished `release` profile [optimized + debuginfo] target(s) in 0.04s
     Running unittests src/lib.rs (target/release/deps/entropyfs-1656b57820206eef)

running 1 test
TRANSPORT_RESULT {"backend":"uring","device":"/mnt/256gb_btrfs","mixed_cpu_s":0.5499999999999999,"mixed_mbps":56.84774547206464,"phases":[["search",6561,386.512002,35.246,215.603,992.705],["prepare",256,348.133102,548.955,3204.565,3422.944],["barrier_fdatasync",35,211.202952,5940.155,6946.725,12774.691],["barrier_sb_fsync",35,204.386894,5807.317,7060.056,7148.391],["validation",6561,148.398273,7.795,21.68,733.2],["prune",418,145.131984,340.737,446.814,934.195],["read_decode",7038,112.420584,4.539,45.375,613.777],["btree_mutation",416,92.596886,48.02,574.163,686.642],["search_p0_bases",256,54.129965,223.338,250.237,383.236],["search_zero_fill",6561,37.552543,0.02,26.639,27.922],["search_dedup",6561,31.935712,4.689,9.808,18.675],["hash",5376,28.675628,5.28,5.581,6.362],["read_scan",7038,25.877133,3.726,4.478,5.5],["search_configurational",253,21.369519,76.674,109.615,137.005],["append_flush",418,15.178786,31.689,63.528,81.262],["read_deps",7038,13.657045,0.12,5.61,9.648],["worker_scope_wall",247,7.56725,28.644,45.395,61.835],["superblock",418,3.570411,7.023,13.455,16.431],["barrier_dir_sync",35,3.433704,9.648,13.745,3102.164],["worker_useful_cpu",247,2.900343,8.265,29.215,40.055],["dsfb_observe",6561,2.517977,0.341,0.611,0.862],["dsfb_plan",6561,2.110053,0.311,0.49,0.711],["dsfb_trust",11937,1.523434,0.08,0.101,0.141],["barrier_sb_write",35,0.341608,9.237,14.888,19.056],["read_prefetch",7038,0.2969,0.02,0.03,1.402],["begin_tx_wait",416,0.025622,0.05,0.12,0.161],["worker_queue_wait",247,0.02427,0.04,0.08,0.11],["probe_pre_rans_cands",6561,0.014921,0.002,0.004,0.004],["probe_decisive1",6561,0.006308,0.001,0.001,0.001],["probe_dedup_hit",6561,0.006052,0.001,0.001,0.001],["barrier_commit_lock_wait",35,0.001854,0.05,0.061,0.14],["worker_tasks",494,0.0,0.0,0.0,0.0]],"random_read_cpu_s":0.08999999999999997,"random_read_mbps":196.35400073730926,"random_read_p50_us":17.0,"random_read_p95_us":48.0,"random_read_p99_us":68.0,"read_cpu_s":0.030000000000000027,"read_mbps":3842.600018450484,"read_p50_us":16.0,"read_p95_us":25.0,"read_p99_us":27.0,"work_mib":256,"write_barriers":1,"write_cpu_s":0.58,"write_fsync_barriers":32,"write_fsync_cpu_s":0.16000000000000003,"write_fsync_every_mbps":121.93085626924979,"write_mbps":406.58341065578344,"write_wall_s":0.629637101}
transport: device=/mnt/256gb_btrfs backend=uring write=406.6 MiB/s (cpu 0.58s/0.63s) fsync=121.9 MiB/s read=3842.6 MiB/s p50=16 p95=25 p99=27 µs random=196.4 MiB/s mixed=56.8 MiB/s
test tests::transport_real_court::transport_real_court ... ok

test result: ok. 1 passed; 0 failed; 0 ignored; 0 measured; 460 filtered out; finished in 1.87s

