warning: variable does not need to be mutable
   --> src/dsfb/semantics.rs:227:13
    |
227 |         let mut step = (sample.len() / 2048).max(1);
    |             ----^^^^
    |             |
    |             help: remove this `mut`
    |
    = note: `#[warn(unused_mut)]` (part of `#[warn(unused)]`) on by default

warning: variable does not need to be mutable
    --> src/store/mod.rs:6467:29
     |
6467 |                         let mut cur = Store::inode_for_tx(tx, *child)?;
     |                             ----^^^
     |                             |
     |                             help: remove this `mut`

warning: variable does not need to be mutable
    --> src/store/mod.rs:6590:29
     |
6590 |                         let mut cur = Store::inode_for_tx(tx, *src_ino)?;
     |                             ----^^^
     |                             |
     |                             help: remove this `mut`

warning: unused variable: `i`
   --> src/tests/dsfb_semantics_probe.rs:113:9
    |
113 |     for i in 0..4u64 {
    |         ^ help: if this is intentional, prefix it with an underscore: `_i`
    |
    = note: `#[warn(unused_variables)]` (part of `#[warn(unused)]`) on by default

warning: unused variable: `i`
   --> src/tests/dsfb_semantics_probe.rs:126:9
    |
126 |     for i in 0..2u64 {
    |         ^ help: if this is intentional, prefix it with an underscore: `_i`

warning: unused variable: `i`
   --> src/tests/dsfb_semantics_probe.rs:255:10
    |
255 |     for (i, (path, v1)) in names.iter().enumerate() {
    |          ^ help: if this is intentional, prefix it with an underscore: `_i`

warning: unused variable: `start`
   --> src/tests/grammar_oracle.rs:251:29
    |
251 |                         let start = pos.min(r.len());
    |                             ^^^^^ help: if this is intentional, prefix it with an underscore: `_start`

warning: unused variable: `prepared`
   --> src/tests/perf_reconciled.rs:311:13
    |
311 |         let prepared = store
    |             ^^^^^^^^ help: if this is intentional, prefix it with an underscore: `_prepared`

warning: type `Composed` is more private than the item `workers::WorkerTask::EncodeChunk::composed`
    --> src/store/workers.rs:384:9
     |
 384 |         composed: super::Composed,
     |         ^^^^^^^^^^^^^^^^^^^^^^^^^ field `workers::WorkerTask::EncodeChunk::composed` is reachable at visibility `pub`
     |
note: but type `Composed` is only usable at visibility `pub(crate)`
    --> src/store/mod.rs:3488:1
     |
3488 | pub(crate) struct Composed {
     | ^^^^^^^^^^^^^^^^^^^^^^^^^^
     = note: `#[warn(private_interfaces)]` on by default

warning: function `percentile` is never used
   --> src/tests/dsfb_semantics_probe.rs:190:4
    |
190 | fn percentile(sorted: &[f64], q: f64) -> f64 {
    |    ^^^^^^^^^^
    |
    = note: `#[warn(dead_code)]` (part of `#[warn(unused)]`) on by default

warning: fields `candidates`, `chunks`, and `raw_wins` are never read
   --> src/tests/dsfb_semantics_probe.rs:200:5
    |
197 | struct ModeResult {
    |        ---------- fields in this struct
...
200 |     candidates: u64,
    |     ^^^^^^^^^^
201 |     chunks: u64,
    |     ^^^^^^
...
204 |     raw_wins: u64,
    |     ^^^^^^^^

warning: constant `MAX_MEMBERS` is never used
  --> src/tests/grammar_oracle.rs:79:7
   |
79 | const MAX_MEMBERS: usize = 512;
   |       ^^^^^^^^^^^

warning: function `contains` is never used
   --> src/tests/grammar_oracle.rs:214:4
    |
214 | fn contains(haystack: &[u8], needle: &[u8]) -> bool {
    |    ^^^^^^^^

warning: struct `NoProvider` is never constructed
   --> src/tests/io_backend_parity.rs:171:24
    |
171 |                 struct NoProvider;
    |                        ^^^^^^^^^^

warning: missing documentation for a module
    --> src/store/workers.rs:1036:1
     |
1036 | pub mod tests {
     | ^^^^^^^^^^^^^
     |
note: the lint level is defined here
    --> src/lib.rs:19:9
     |
  19 | #![warn(missing_docs)]
     |         ^^^^^^^^^^^^

warning: `entropyfs` (lib test) generated 15 warnings (run `cargo fix --lib -p entropyfs --tests` to apply 8 suggestions)
    Finished `release` profile [optimized + debuginfo] target(s) in 0.04s
     Running unittests src/lib.rs (target/release/deps/entropyfs-1656b57820206eef)

running 1 test
TRANSPORT_RESULT {"backend":"uring","device":"/dev/shm","mixed_cpu_s":0.6599999999999999,"mixed_mbps":46.97815147324812,"phases":[["search",6561,413.758542,46.807,225.08,1031.768],["prepare",256,369.350839,612.153,3343.375,3471.715],["validation",6561,160.501707,7.774,28.353,751.073],["prune",418,154.060517,377.715,449.559,489.103],["btree_mutation",416,116.518527,71.294,726.978,818.319],["read_decode",7038,110.957434,4.429,48.541,614.628],["read_scan",7038,72.66085,9.127,14.768,19.106],["search_p0_bases",256,51.665864,223.036,231.854,241.911],["search_dedup",6561,49.480313,8.146,16.391,24.546],["search_zero_fill",6561,36.406498,0.02,26.69,28.363],["hash",5376,28.986317,5.29,5.73,6.282],["read_deps",7038,27.814821,0.151,12.143,18.285],["search_configurational",253,21.191179,78.827,111.308,129.672],["append_flush",418,12.417596,25.718,54.923,72.105],["worker_scope_wall",247,7.952157,31.099,45.616,59.451],["worker_useful_cpu",247,2.918028,8.737,29.385,34.012],["dsfb_observe",6561,2.733306,0.37,0.641,0.972],["dsfb_plan",6561,2.270157,0.33,0.601,0.732],["superblock",418,2.136853,4.619,9.288,11.933],["dsfb_trust",11937,0.947066,0.08,0.11,0.15],["read_prefetch",7038,0.550948,0.02,0.04,3.686],["barrier_dir_sync",35,0.166007,4.258,8.205,9.037],["barrier_sb_write",35,0.128343,3.376,5.811,7.124],["barrier_fdatasync",35,0.107119,2.855,4.989,5.74],["barrier_sb_fsync",35,0.10525,2.645,4.308,7.434],["begin_tx_wait",416,0.032078,0.07,0.13,0.18],["worker_queue_wait",247,0.031609,0.04,0.09,0.11],["probe_pre_rans_cands",6561,0.014921,0.002,0.004,0.004],["probe_decisive1",6561,0.006308,0.001,0.001,0.001],["probe_dedup_hit",6561,0.006052,0.001,0.001,0.001],["barrier_commit_lock_wait",35,0.001845,0.05,0.071,0.141],["worker_tasks",494,0.0,0.0,0.0,0.0]],"random_read_cpu_s":0.16000000000000003,"random_read_mbps":99.97005646883616,"random_read_p50_us":35.0,"random_read_p95_us":70.0,"random_read_p99_us":96.0,"read_cpu_s":0.07000000000000006,"read_mbps":1665.0766485514132,"read_p50_us":36.0,"read_p95_us":50.0,"read_p99_us":58.0,"work_mib":256,"write_barriers":1,"write_cpu_s":0.68,"write_fsync_barriers":32,"write_fsync_cpu_s":0.16999999999999993,"write_fsync_every_mbps":361.8306805189321,"write_mbps":361.6642480487808,"write_wall_s":0.707838835}
transport: device=/dev/shm backend=uring write=361.7 MiB/s (cpu 0.68s/0.71s) fsync=361.8 MiB/s read=1665.1 MiB/s p50=36 p95=50 p99=58 µs random=100.0 MiB/s mixed=47.0 MiB/s
test tests::transport_real_court::transport_real_court ... ok

test result: ok. 1 passed; 0 failed; 0 ignored; 0 measured; 460 filtered out; finished in 1.81s

