   Compiling entropyfs v0.7.6 (/mnt/1tb_kingston/entropyfs)
warning: variable does not need to be mutable
    --> src/store/mod.rs:5893:29
     |
5893 |                         let mut cur = Store::inode_for_tx(tx, *child)?;
     |                             ----^^^
     |                             |
     |                             help: remove this `mut`
     |
     = note: `#[warn(unused_mut)]` (part of `#[warn(unused)]`) on by default

warning: unused variable: `prepared`
   --> src/tests/perf_reconciled.rs:311:13
    |
311 |         let prepared = store
    |             ^^^^^^^^ help: if this is intentional, prefix it with an underscore: `_prepared`
    |
    = note: `#[warn(unused_variables)]` (part of `#[warn(unused)]`) on by default

warning: type `Composed` is more private than the item `workers::WorkerTask::EncodeChunk::composed`
    --> src/store/workers.rs:384:9
     |
 384 |         composed: super::Composed,
     |         ^^^^^^^^^^^^^^^^^^^^^^^^^ field `workers::WorkerTask::EncodeChunk::composed` is reachable at visibility `pub`
     |
note: but type `Composed` is only usable at visibility `pub(crate)`
    --> src/store/mod.rs:2964:1
     |
2964 | pub(crate) struct Composed {
     | ^^^^^^^^^^^^^^^^^^^^^^^^^^
     = note: `#[warn(private_interfaces)]` on by default

warning: struct `NoProvider` is never constructed
   --> src/tests/io_backend_parity.rs:171:24
    |
171 |                 struct NoProvider;
    |                        ^^^^^^^^^^
    |
    = note: `#[warn(dead_code)]` (part of `#[warn(unused)]`) on by default

warning: missing documentation for a module
    --> src/store/workers.rs:1036:1
     |
1036 | pub mod tests {
     | ^^^^^^^^^^^^^
     |
note: the lint level is defined here
    --> src/lib.rs:19:9
     |
  19 | #![warn(missing_docs)]
     |         ^^^^^^^^^^^^

warning: `entropyfs` (lib test) generated 5 warnings (run `cargo fix --lib -p entropyfs --tests` to apply 2 suggestions)
    Finished `release` profile [optimized + debuginfo] target(s) in 48.95s
     Running unittests src/lib.rs (target/release/deps/entropyfs-36e172c6617277ce)

running 1 test

==== Phase-11F DSFB-observer probe (pool-16; 64 files) ====
w     wall_ms    p50_us    p99_us   mean_us    max_us  cpu_ms  search   prepare   dsfbObs  dsfbPlan  dsfbTrst queue%     cand   reachMB  ratio  exact
1        1466      5010      5589      4923      5826   10019   10551      1095      2.52      1.97      0.74   0.1%     4096    256.75   1.00     ok (med 1.0x, max 1.2x) families=RAW=4096
8         739     20276     29189     20568     32565   10544   11598      4909      4.35      2.10      1.57   4.9%     4096    256.75   1.00     ok (med 4.1x, max 6.6x) families=RAW=4096
16        774     46158     77633     44585     83784   10409   11400     10738      3.17      2.17      0.81   2.4%     4096    256.75   1.00     ok (med 9.4x, max 17.0x) families=RAW=4096
16       3163     46669     80194     46217    107148   42106   46424     44214     15.77      9.87      3.39   3.0%    16384   1026.99   1.00     ok (med 9.5x, max 21.8x) families=RAW=16384
probe summary written to /mnt/1tb_kingston/entropyfs/evidence/performance/dsfb-shard-probe-mutex-1787789207-f103248/summary.tsv
test tests::dsfb_shard_probe::dsfb_shard_probe ... ok

test result: ok. 1 passed; 0 failed; 0 ignored; 0 measured; 427 filtered out; finished in 8.19s

