   Compiling getrandom v0.3.4
   Compiling num-traits v0.2.19
   Compiling wait-timeout v0.2.1
   Compiling sha2 v0.10.9
   Compiling rusty-fork v0.3.1
   Compiling rand_core v0.9.5
   Compiling rand_chacha v0.9.0
   Compiling rand v0.9.5
   Compiling rand_xorshift v0.4.0
   Compiling rand_distr v0.4.3
   Compiling proptest v1.11.0
   Compiling dsfb v0.1.2
   Compiling entropyfs v0.7.12 (/out/work)
warning: variable does not need to be mutable
   --> src/dsfb/semantics.rs:227:13
    |
227 |         let mut step = (sample.len() / 2048).max(1);
    |             ----^^^^
    |             |
    |             help: remove this `mut`
    |
    = note: `#[warn(unused_mut)]` (part of `#[warn(unused)]`) on by default

warning: variable does not need to be mutable
    --> src/store/mod.rs:6467:29
     |
6467 |                         let mut cur = Store::inode_for_tx(tx, *child)?;
     |                             ----^^^
     |                             |
     |                             help: remove this `mut`

warning: variable does not need to be mutable
    --> src/store/mod.rs:6590:29
     |
6590 |                         let mut cur = Store::inode_for_tx(tx, *src_ino)?;
     |                             ----^^^
     |                             |
     |                             help: remove this `mut`

warning: type `Composed` is more private than the item `WorkerTask::EncodeChunk::composed`
    --> src/store/workers.rs:384:9
     |
 384 |         composed: super::Composed,
     |         ^^^^^^^^^^^^^^^^^^^^^^^^^ field `WorkerTask::EncodeChunk::composed` is reachable at visibility `pub`
     |
note: but type `Composed` is only usable at visibility `pub(crate)`
    --> src/store/mod.rs:3488:1
     |
3488 | pub(crate) struct Composed {
     | ^^^^^^^^^^^^^^^^^^^^^^^^^^
     = note: `#[warn(private_interfaces)]` on by default

warning: `entropyfs` (lib) generated 4 warnings (run `cargo fix --lib -p entropyfs` to apply 3 suggestions)
    Finished `release` profile [optimized + debuginfo] target(s) in 33.46s
     Running `/out/target/release/examples/engine_smoke /store-engine`
put/get byte-exact: ok (51 bytes)
metrics: blob_count=1 format=1.0 backend=sync
engine smoke: OK
