   Compiling entropyfs v0.7.7 (/mnt/1tb_kingston/entropyfs)
warning: variable does not need to be mutable
    --> src/store/mod.rs:5893:29
     |
5893 |                         let mut cur = Store::inode_for_tx(tx, *child)?;
     |                             ----^^^
     |                             |
     |                             help: remove this `mut`
     |
     = note: `#[warn(unused_mut)]` (part of `#[warn(unused)]`) on by default

warning: unused variable: `prepared`
   --> src/tests/perf_reconciled.rs:311:13
    |
311 |         let prepared = store
    |             ^^^^^^^^ help: if this is intentional, prefix it with an underscore: `_prepared`
    |
    = note: `#[warn(unused_variables)]` (part of `#[warn(unused)]`) on by default

warning: type `Composed` is more private than the item `workers::WorkerTask::EncodeChunk::composed`
    --> src/store/workers.rs:384:9
     |
 384 |         composed: super::Composed,
     |         ^^^^^^^^^^^^^^^^^^^^^^^^^ field `workers::WorkerTask::EncodeChunk::composed` is reachable at visibility `pub`
     |
note: but type `Composed` is only usable at visibility `pub(crate)`
    --> src/store/mod.rs:2964:1
     |
2964 | pub(crate) struct Composed {
     | ^^^^^^^^^^^^^^^^^^^^^^^^^^
     = note: `#[warn(private_interfaces)]` on by default

warning: struct `NoProvider` is never constructed
   --> src/tests/io_backend_parity.rs:171:24
    |
171 |                 struct NoProvider;
    |                        ^^^^^^^^^^
    |
    = note: `#[warn(dead_code)]` (part of `#[warn(unused)]`) on by default

warning: missing documentation for a module
    --> src/store/workers.rs:1036:1
     |
1036 | pub mod tests {
     | ^^^^^^^^^^^^^
     |
note: the lint level is defined here
    --> src/lib.rs:19:9
     |
  19 | #![warn(missing_docs)]
     |         ^^^^^^^^^^^^

warning: `entropyfs` (lib test) generated 5 warnings (run `cargo fix --lib -p entropyfs --tests` to apply 2 suggestions)
    Finished `release` profile [optimized + debuginfo] target(s) in 49.10s
     Running unittests src/lib.rs (target/release/deps/entropyfs-3e0e5f5d94f20cf9)

running 1 test

==== Phase-11F DSFB-observer probe (pool-16; 64 files) ====
w     wall_ms    p50_us    p99_us   mean_us    max_us  cpu_ms  search   prepare   dsfbObs  dsfbPlan  dsfbTrst queue%     cand   reachMB  ratio  exact
1        1476      5039      5641      4960      6140   10068   10623      1103      2.51      1.95      0.73   0.1%     4096    256.75   1.00     ok (med 1.0x, max 1.2x) families=RAW=4096
8         763     21502     32174     21326     34656   10569   11916      5031      3.06      3.75      0.82   4.3%     4096    256.75   1.00     ok (med 4.3x, max 7.0x) families=RAW=4096
16        778     47624     83385     44407     93379   10485   11421     10734      4.95      2.21      0.82   2.3%     4096    256.75   1.00     ok (med 9.6x, max 18.8x) families=RAW=4096
16       3169     47179     74878     46211    100858   42241   46575     44088     14.42     13.48      3.40   3.0%    16384   1026.99   1.00     ok (med 9.5x, max 20.3x) families=RAW=16384
probe summary written to /mnt/1tb_kingston/entropyfs/evidence/performance/dsfb-shard-probe-sharded-1787789416-6351a07/summary.tsv
test tests::dsfb_shard_probe::dsfb_shard_probe ... ok

test result: ok. 1 passed; 0 failed; 0 ignored; 0 measured; 427 filtered out; finished in 8.23s

