warning[duplicate]: found 2 duplicate entries for crate 'async-channel'
   ┌─ /mnt/1tb_kingston/entropyfs/Cargo.lock:9:1
   │  
 9 │ ╭ async-channel 1.9.0 registry+https://github.com/rust-lang/crates.io-index
10 │ │ async-channel 2.5.0 registry+https://github.com/rust-lang/crates.io-index
   │ ╰─────────────────────────────────────────────────────────────────────────┘ lock entries
   │  
   ├ async-channel v1.9.0
     └── smol v1.3.0
         └── entropyfs v0.7.12
   ├ async-channel v2.5.0
     ├── async-process v2.5.0
     │   └── smol v2.0.2
     │       └── libublk v0.4.7
     │           └── entropyfs v0.7.12
     ├── blocking v1.7.0
     │   ├── async-fs v1.6.0
     │   │   └── smol v1.3.0
     │   │       └── entropyfs v0.7.12 (*)
     │   ├── async-fs v2.2.0
     │   │   └── smol v2.0.2 (*)
     │   ├── async-net v1.8.0
     │   │   └── smol v1.3.0 (*)
     │   ├── async-net v2.0.0
     │   │   └── smol v2.0.2 (*)
     │   ├── async-process v1.8.1
     │   │   └── smol v1.3.0 (*)
     │   ├── async-process v2.5.0 (*)
     │   ├── smol v1.3.0 (*)
     │   └── smol v2.0.2 (*)
     └── smol v2.0.2 (*)

warning[duplicate]: found 2 duplicate entries for crate 'async-fs'
   ┌─ /mnt/1tb_kingston/entropyfs/Cargo.lock:12:1
   │  
12 │ ╭ async-fs 1.6.0 registry+https://github.com/rust-lang/crates.io-index
13 │ │ async-fs 2.2.0 registry+https://github.com/rust-lang/crates.io-index
   │ ╰────────────────────────────────────────────────────────────────────┘ lock entries
   │  
   ├ async-fs v1.6.0
     └── smol v1.3.0
         └── entropyfs v0.7.12
   ├ async-fs v2.2.0
     └── smol v2.0.2
         └── libublk v0.4.7
             └── entropyfs v0.7.12

warning[duplicate]: found 2 duplicate entries for crate 'async-io'
   ┌─ /mnt/1tb_kingston/entropyfs/Cargo.lock:14:1
   │  
14 │ ╭ async-io 1.13.0 registry+https://github.com/rust-lang/crates.io-index
15 │ │ async-io 2.6.0 registry+https://github.com/rust-lang/crates.io-index
   │ ╰────────────────────────────────────────────────────────────────────┘ lock entries
   │  
   ├ async-io v1.13.0
     ├── async-net v1.8.0
     │   └── smol v1.3.0
     │       └── entropyfs v0.7.12
     ├── async-process v1.8.1
     │   └── smol v1.3.0 (*)
     └── smol v1.3.0 (*)
   ├ async-io v2.6.0
     ├── async-net v2.0.0
     │   └── smol v2.0.2
     │       └── libublk v0.4.7
     │           └── entropyfs v0.7.12
     ├── async-process v2.5.0
     │   └── smol v2.0.2 (*)
     ├── async-signal v0.2.14
     │   ├── async-process v1.8.1
     │   │   └── smol v1.3.0
     │   │       └── entropyfs v0.7.12 (*)
     │   └── async-process v2.5.0 (*)
     └── smol v2.0.2 (*)

warning[duplicate]: found 2 duplicate entries for crate 'async-lock'
   ┌─ /mnt/1tb_kingston/entropyfs/Cargo.lock:16:1
   │  
16 │ ╭ async-lock 2.8.0 registry+https://github.com/rust-lang/crates.io-index
17 │ │ async-lock 3.4.2 registry+https://github.com/rust-lang/crates.io-index
   │ ╰──────────────────────────────────────────────────────────────────────┘ lock entries
   │  
   ├ async-lock v2.8.0
     ├── async-fs v1.6.0
     │   └── smol v1.3.0
     │       └── entropyfs v0.7.12
     ├── async-io v1.13.0
     │   ├── async-net v1.8.0
     │   │   └── smol v1.3.0 (*)
     │   ├── async-process v1.8.1
     │   │   └── smol v1.3.0 (*)
     │   └── smol v1.3.0 (*)
     ├── async-process v1.8.1 (*)
     └── smol v1.3.0 (*)
   ├ async-lock v3.4.2
     ├── async-fs v2.2.0
     │   └── smol v2.0.2
     │       └── libublk v0.4.7
     │           └── entropyfs v0.7.12
     ├── async-process v2.5.0
     │   └── smol v2.0.2 (*)
     ├── async-signal v0.2.14
     │   ├── async-process v1.8.1
     │   │   └── smol v1.3.0
     │   │       └── entropyfs v0.7.12 (*)
     │   └── async-process v2.5.0 (*)
     ├── libublk v0.4.7 (*)
     └── smol v2.0.2 (*)

warning[duplicate]: found 2 duplicate entries for crate 'async-net'
   ┌─ /mnt/1tb_kingston/entropyfs/Cargo.lock:18:1
   │  
18 │ ╭ async-net 1.8.0 registry+https://github.com/rust-lang/crates.io-index
19 │ │ async-net 2.0.0 registry+https://github.com/rust-lang/crates.io-index
   │ ╰─────────────────────────────────────────────────────────────────────┘ lock entries
   │  
   ├ async-net v1.8.0
     └── smol v1.3.0
         └── entropyfs v0.7.12
   ├ async-net v2.0.0
     └── smol v2.0.2
         └── libublk v0.4.7
             └── entropyfs v0.7.12

warning[duplicate]: found 2 duplicate entries for crate 'async-process'
   ┌─ /mnt/1tb_kingston/entropyfs/Cargo.lock:20:1
   │  
20 │ ╭ async-process 1.8.1 registry+https://github.com/rust-lang/crates.io-index
21 │ │ async-process 2.5.0 registry+https://github.com/rust-lang/crates.io-index
   │ ╰─────────────────────────────────────────────────────────────────────────┘ lock entries
   │  
   ├ async-process v1.8.1
     └── smol v1.3.0
         └── entropyfs v0.7.12
   ├ async-process v2.5.0
     └── smol v2.0.2
         └── libublk v0.4.7
             └── entropyfs v0.7.12

warning[duplicate]: found 2 duplicate entries for crate 'bitflags'
   ┌─ /mnt/1tb_kingston/entropyfs/Cargo.lock:29:1
   │  
29 │ ╭ bitflags 1.3.2 registry+https://github.com/rust-lang/crates.io-index
30 │ │ bitflags 2.13.1 registry+https://github.com/rust-lang/crates.io-index
   │ ╰─────────────────────────────────────────────────────────────────────┘ lock entries
   │  
   ├ bitflags v1.3.2
     ├── polling v2.8.0
     │   └── async-io v1.13.0
     │       ├── async-net v1.8.0
     │       │   └── smol v1.3.0
     │       │       └── entropyfs v0.7.12
     │       ├── async-process v1.8.1
     │       │   └── smol v1.3.0 (*)
     │       └── smol v1.3.0 (*)
     └── rustix v0.37.28
         └── async-io v1.13.0 (*)
   ├ bitflags v2.13.1
     ├── bindgen v0.69.5
     │   ├── (build) io-uring v0.7.14
     │   │   ├── entropyfs v0.7.12
     │   │   └── libublk v0.4.7
     │   │       └── entropyfs v0.7.12 (*)
     │   └── (build) libublk-rs-sys v0.1.1
     │       └── libublk v0.4.7 (*)
     ├── dispatch2 v0.3.1
     │   └── ctrlc v3.5.2
     │       └── entropyfs v0.7.12 (*)
     ├── fuser v0.18.0
     │   └── entropyfs v0.7.12 (*)
     ├── io-uring v0.7.14 (*)
     ├── libublk v0.4.7 (*)
     ├── nix v0.31.3
     │   ├── ctrlc v3.5.2 (*)
     │   └── fuser v0.18.0 (*)
     ├── proptest v1.11.0
     │   └── (dev) entropyfs v0.7.12 (*)
     ├── redox_syscall v0.5.18
     │   └── parking_lot_core v0.9.12
     │       └── parking_lot v0.12.5
     │           └── fuser v0.18.0 (*)
     ├── rustix v0.38.44
     │   ├── async-process v1.8.1
     │   │   └── smol v1.3.0
     │   │       └── entropyfs v0.7.12 (*)
     │   └── which v4.4.2
     │       └── bindgen v0.69.5 (*)
     └── rustix v1.1.4
         ├── async-io v2.6.0
         │   ├── async-net v2.0.0
         │   │   └── smol v2.0.2
         │   │       └── libublk v0.4.7 (*)
         │   ├── async-process v2.5.0
         │   │   └── smol v2.0.2 (*)
         │   ├── async-signal v0.2.14
         │   │   ├── async-process v1.8.1 (*)
         │   │   └── async-process v2.5.0 (*)
         │   └── smol v2.0.2 (*)
         ├── async-process v2.5.0 (*)
         ├── async-signal v0.2.14 (*)
         ├── entropyfs v0.7.12 (*)
         ├── polling v3.11.0
         │   └── async-io v2.6.0 (*)
         └── tempfile v3.27.0
             ├── entropyfs v0.7.12 (*)
             ├── proptest v1.11.0 (*)
             └── rusty-fork v0.3.1
                 └── proptest v1.11.0 (*)

warning[duplicate]: found 3 duplicate entries for crate 'event-listener'
   ┌─ /mnt/1tb_kingston/entropyfs/Cargo.lock:65:1
   │  
65 │ ╭ event-listener 2.5.3 registry+https://github.com/rust-lang/crates.io-index
66 │ │ event-listener 3.1.0 registry+https://github.com/rust-lang/crates.io-index
67 │ │ event-listener 5.4.2 registry+https://github.com/rust-lang/crates.io-index
   │ ╰──────────────────────────────────────────────────────────────────────────┘ lock entries
   │  
   ├ event-listener v2.5.3
     ├── async-channel v1.9.0
     │   └── smol v1.3.0
     │       └── entropyfs v0.7.12
     └── async-lock v2.8.0
         ├── async-fs v1.6.0
         │   └── smol v1.3.0 (*)
         ├── async-io v1.13.0
         │   ├── async-net v1.8.0
         │   │   └── smol v1.3.0 (*)
         │   ├── async-process v1.8.1
         │   │   └── smol v1.3.0 (*)
         │   └── smol v1.3.0 (*)
         ├── async-process v1.8.1 (*)
         └── smol v1.3.0 (*)
   ├ event-listener v3.1.0
     └── async-process v1.8.1
         └── smol v1.3.0
             └── entropyfs v0.7.12
   ├ event-listener v5.4.2
     ├── async-lock v3.4.2
     │   ├── async-fs v2.2.0
     │   │   └── smol v2.0.2
     │   │       └── libublk v0.4.7
     │   │           └── entropyfs v0.7.12
     │   ├── async-process v2.5.0
     │   │   └── smol v2.0.2 (*)
     │   ├── async-signal v0.2.14
     │   │   ├── async-process v1.8.1
     │   │   │   └── smol v1.3.0
     │   │   │       └── entropyfs v0.7.12 (*)
     │   │   └── async-process v2.5.0 (*)
     │   ├── libublk v0.4.7 (*)
     │   └── smol v2.0.2 (*)
     ├── async-process v2.5.0 (*)
     └── event-listener-strategy v0.5.4
         ├── async-channel v2.5.0
         │   ├── async-process v2.5.0 (*)
         │   ├── blocking v1.7.0
         │   │   ├── async-fs v1.6.0
         │   │   │   └── smol v1.3.0 (*)
         │   │   ├── async-fs v2.2.0 (*)
         │   │   ├── async-net v1.8.0
         │   │   │   └── smol v1.3.0 (*)
         │   │   ├── async-net v2.0.0
         │   │   │   └── smol v2.0.2 (*)
         │   │   ├── async-process v1.8.1 (*)
         │   │   ├── async-process v2.5.0 (*)
         │   │   ├── smol v1.3.0 (*)
         │   │   └── smol v2.0.2 (*)
         │   └── smol v2.0.2 (*)
         └── async-lock v3.4.2 (*)

warning[duplicate]: found 2 duplicate entries for crate 'fastrand'
   ┌─ /mnt/1tb_kingston/entropyfs/Cargo.lock:69:1
   │  
69 │ ╭ fastrand 1.9.0 registry+https://github.com/rust-lang/crates.io-index
70 │ │ fastrand 2.5.0 registry+https://github.com/rust-lang/crates.io-index
   │ ╰────────────────────────────────────────────────────────────────────┘ lock entries
   │  
   ├ fastrand v1.9.0
     └── futures-lite v1.13.0
         ├── async-fs v1.6.0
         │   └── smol v1.3.0
         │       └── entropyfs v0.7.12
         ├── async-io v1.13.0
         │   ├── async-net v1.8.0
         │   │   └── smol v1.3.0 (*)
         │   ├── async-process v1.8.1
         │   │   └── smol v1.3.0 (*)
         │   └── smol v1.3.0 (*)
         ├── async-net v1.8.0 (*)
         ├── async-process v1.8.1 (*)
         └── smol v1.3.0 (*)
   ├ fastrand v2.5.0
     ├── async-executor v1.14.0
     │   ├── smol v1.3.0
     │   │   └── entropyfs v0.7.12
     │   └── smol v2.0.2
     │       └── libublk v0.4.7
     │           └── entropyfs v0.7.12 (*)
     ├── futures-lite v2.6.1
     │   ├── async-executor v1.14.0 (*)
     │   ├── async-fs v2.2.0
     │   │   └── smol v2.0.2 (*)
     │   ├── async-io v2.6.0
     │   │   ├── async-net v2.0.0
     │   │   │   └── smol v2.0.2 (*)
     │   │   ├── async-process v2.5.0
     │   │   │   └── smol v2.0.2 (*)
     │   │   ├── async-signal v0.2.14
     │   │   │   ├── async-process v1.8.1
     │   │   │   │   └── smol v1.3.0 (*)
     │   │   │   └── async-process v2.5.0 (*)
     │   │   └── smol v2.0.2 (*)
     │   ├── async-net v2.0.0 (*)
     │   ├── async-process v2.5.0 (*)
     │   ├── blocking v1.7.0
     │   │   ├── async-fs v1.6.0
     │   │   │   └── smol v1.3.0 (*)
     │   │   ├── async-fs v2.2.0 (*)
     │   │   ├── async-net v1.8.0
     │   │   │   └── smol v1.3.0 (*)
     │   │   ├── async-net v2.0.0 (*)
     │   │   ├── async-process v1.8.1 (*)
     │   │   ├── async-process v2.5.0 (*)
     │   │   ├── smol v1.3.0 (*)
     │   │   └── smol v2.0.2 (*)
     │   └── smol v2.0.2 (*)
     ├── piper v0.2.5
     │   └── blocking v1.7.0 (*)
     └── tempfile v3.27.0
         ├── entropyfs v0.7.12 (*)
         ├── proptest v1.11.0
         │   └── (dev) entropyfs v0.7.12 (*)
         └── rusty-fork v0.3.1
             └── proptest v1.11.0 (*)

warning[duplicate]: found 2 duplicate entries for crate 'futures-lite'
   ┌─ /mnt/1tb_kingston/entropyfs/Cargo.lock:76:1
   │  
76 │ ╭ futures-lite 1.13.0 registry+https://github.com/rust-lang/crates.io-index
77 │ │ futures-lite 2.6.1 registry+https://github.com/rust-lang/crates.io-index
   │ ╰────────────────────────────────────────────────────────────────────────┘ lock entries
   │  
   ├ futures-lite v1.13.0
     ├── async-fs v1.6.0
     │   └── smol v1.3.0
     │       └── entropyfs v0.7.12
     ├── async-io v1.13.0
     │   ├── async-net v1.8.0
     │   │   └── smol v1.3.0 (*)
     │   ├── async-process v1.8.1
     │   │   └── smol v1.3.0 (*)
     │   └── smol v1.3.0 (*)
     ├── async-net v1.8.0 (*)
     ├── async-process v1.8.1 (*)
     └── smol v1.3.0 (*)
   ├ futures-lite v2.6.1
     ├── async-executor v1.14.0
     │   ├── smol v1.3.0
     │   │   └── entropyfs v0.7.12
     │   └── smol v2.0.2
     │       └── libublk v0.4.7
     │           └── entropyfs v0.7.12 (*)
     ├── async-fs v2.2.0
     │   └── smol v2.0.2 (*)
     ├── async-io v2.6.0
     │   ├── async-net v2.0.0
     │   │   └── smol v2.0.2 (*)
     │   ├── async-process v2.5.0
     │   │   └── smol v2.0.2 (*)
     │   ├── async-signal v0.2.14
     │   │   ├── async-process v1.8.1
     │   │   │   └── smol v1.3.0 (*)
     │   │   └── async-process v2.5.0 (*)
     │   └── smol v2.0.2 (*)
     ├── async-net v2.0.0 (*)
     ├── async-process v2.5.0 (*)
     ├── blocking v1.7.0
     │   ├── async-fs v1.6.0
     │   │   └── smol v1.3.0 (*)
     │   ├── async-fs v2.2.0 (*)
     │   ├── async-net v1.8.0
     │   │   └── smol v1.3.0 (*)
     │   ├── async-net v2.0.0 (*)
     │   ├── async-process v1.8.1 (*)
     │   ├── async-process v2.5.0 (*)
     │   ├── smol v1.3.0 (*)
     │   └── smol v2.0.2 (*)
     └── smol v2.0.2 (*)

warning[duplicate]: found 2 duplicate entries for crate 'getrandom'
   ┌─ /mnt/1tb_kingston/entropyfs/Cargo.lock:80:1
   │  
80 │ ╭ getrandom 0.2.17 registry+https://github.com/rust-lang/crates.io-index
81 │ │ getrandom 0.3.4 registry+https://github.com/rust-lang/crates.io-index
82 │ │ getrandom 0.4.3 registry+https://github.com/rust-lang/crates.io-index
   │ ╰─────────────────────────────────────────────────────────────────────┘ lock entries
   │  
   ├ getrandom v0.2.17
     └── rand_core v0.6.4
         ├── rand v0.8.7
         │   ├── dsfb v0.1.2
         │   │   └── entropyfs v0.7.12
         │   └── rand_distr v0.4.3
         │       └── dsfb v0.1.2 (*)
         └── rand_chacha v0.3.1
             └── rand v0.8.7 (*)
   ├ getrandom v0.4.3
     └── tempfile v3.27.0
         ├── entropyfs v0.7.12
         ├── proptest v1.11.0
         │   └── (dev) entropyfs v0.7.12 (*)
         └── rusty-fork v0.3.1
             └── proptest v1.11.0 (*)

warning[duplicate]: found 2 duplicate entries for crate 'hermit-abi'
   ┌─ /mnt/1tb_kingston/entropyfs/Cargo.lock:86:1
   │  
86 │ ╭ hermit-abi 0.3.9 registry+https://github.com/rust-lang/crates.io-index
87 │ │ hermit-abi 0.5.2 registry+https://github.com/rust-lang/crates.io-index
   │ ╰──────────────────────────────────────────────────────────────────────┘ lock entries
   │  
   ├ hermit-abi v0.3.9
     └── io-lifetimes v1.0.11
         └── rustix v0.37.28
             └── async-io v1.13.0
                 ├── async-net v1.8.0
                 │   └── smol v1.3.0
                 │       └── entropyfs v0.7.12
                 ├── async-process v1.8.1
                 │   └── smol v1.3.0 (*)
                 └── smol v1.3.0 (*)
   ├ hermit-abi v0.5.2
     └── polling v3.11.0
         └── async-io v2.6.0
             ├── async-net v2.0.0
             │   └── smol v2.0.2
             │       └── libublk v0.4.7
             │           └── entropyfs v0.7.12
             ├── async-process v2.5.0
             │   └── smol v2.0.2 (*)
             ├── async-signal v0.2.14
             │   ├── async-process v1.8.1
             │   │   └── smol v1.3.0
             │   │       └── entropyfs v0.7.12 (*)
             │   └── async-process v2.5.0 (*)
             └── smol v2.0.2 (*)

warning[duplicate]: found 3 duplicate entries for crate 'linux-raw-sys'
    ┌─ /mnt/1tb_kingston/entropyfs/Cargo.lock:104:1
    │  
104 │ ╭ linux-raw-sys 0.3.8 registry+https://github.com/rust-lang/crates.io-index
105 │ │ linux-raw-sys 0.4.15 registry+https://github.com/rust-lang/crates.io-index
106 │ │ linux-raw-sys 0.12.1 registry+https://github.com/rust-lang/crates.io-index
    │ ╰──────────────────────────────────────────────────────────────────────────┘ lock entries
    │  
    ├ linux-raw-sys v0.3.8
      └── rustix v0.37.28
          └── async-io v1.13.0
              ├── async-net v1.8.0
              │   └── smol v1.3.0
              │       └── entropyfs v0.7.12
              ├── async-process v1.8.1
              │   └── smol v1.3.0 (*)
              └── smol v1.3.0 (*)
    ├ linux-raw-sys v0.4.15
      └── rustix v0.38.44
          ├── async-process v1.8.1
          │   └── smol v1.3.0
          │       └── entropyfs v0.7.12
          └── which v4.4.2
              └── bindgen v0.69.5
                  ├── (build) io-uring v0.7.14
                  │   ├── entropyfs v0.7.12 (*)
                  │   └── libublk v0.4.7
                  │       └── entropyfs v0.7.12 (*)
                  └── (build) libublk-rs-sys v0.1.1
                      └── libublk v0.4.7 (*)
    ├ linux-raw-sys v0.12.1
      └── rustix v1.1.4
          ├── async-io v2.6.0
          │   ├── async-net v2.0.0
          │   │   └── smol v2.0.2
          │   │       └── libublk v0.4.7
          │   │           └── entropyfs v0.7.12
          │   ├── async-process v2.5.0
          │   │   └── smol v2.0.2 (*)
          │   ├── async-signal v0.2.14
          │   │   ├── async-process v1.8.1
          │   │   │   └── smol v1.3.0
          │   │   │       └── entropyfs v0.7.12 (*)
          │   │   └── async-process v2.5.0 (*)
          │   └── smol v2.0.2 (*)
          ├── async-process v2.5.0 (*)
          ├── async-signal v0.2.14 (*)
          ├── entropyfs v0.7.12 (*)
          ├── polling v3.11.0
          │   └── async-io v2.6.0 (*)
          └── tempfile v3.27.0
              ├── entropyfs v0.7.12 (*)
              ├── proptest v1.11.0
              │   └── (dev) entropyfs v0.7.12 (*)
              └── rusty-fork v0.3.1
                  └── proptest v1.11.0 (*)

warning[duplicate]: found 2 duplicate entries for crate 'polling'
    ┌─ /mnt/1tb_kingston/entropyfs/Cargo.lock:128:1
    │  
128 │ ╭ polling 2.8.0 registry+https://github.com/rust-lang/crates.io-index
129 │ │ polling 3.11.0 registry+https://github.com/rust-lang/crates.io-index
    │ ╰────────────────────────────────────────────────────────────────────┘ lock entries
    │  
    ├ polling v2.8.0
      └── async-io v1.13.0
          ├── async-net v1.8.0
          │   └── smol v1.3.0
          │       └── entropyfs v0.7.12
          ├── async-process v1.8.1
          │   └── smol v1.3.0 (*)
          └── smol v1.3.0 (*)
    ├ polling v3.11.0
      └── async-io v2.6.0
          ├── async-net v2.0.0
          │   └── smol v2.0.2
          │       └── libublk v0.4.7
          │           └── entropyfs v0.7.12
          ├── async-process v2.5.0
          │   └── smol v2.0.2 (*)
          ├── async-signal v0.2.14
          │   ├── async-process v1.8.1
          │   │   └── smol v1.3.0
          │   │       └── entropyfs v0.7.12 (*)
          │   └── async-process v2.5.0 (*)
          └── smol v2.0.2 (*)

warning[duplicate]: found 3 duplicate entries for crate 'rustix'
    ┌─ /mnt/1tb_kingston/entropyfs/Cargo.lock:155:1
    │  
155 │ ╭ rustix 0.37.28 registry+https://github.com/rust-lang/crates.io-index
156 │ │ rustix 0.38.44 registry+https://github.com/rust-lang/crates.io-index
157 │ │ rustix 1.1.4 registry+https://github.com/rust-lang/crates.io-index
    │ ╰──────────────────────────────────────────────────────────────────┘ lock entries
    │  
    ├ rustix v0.37.28
      └── async-io v1.13.0
          ├── async-net v1.8.0
          │   └── smol v1.3.0
          │       └── entropyfs v0.7.12
          ├── async-process v1.8.1
          │   └── smol v1.3.0 (*)
          └── smol v1.3.0 (*)
    ├ rustix v0.38.44
      ├── async-process v1.8.1
      │   └── smol v1.3.0
      │       └── entropyfs v0.7.12
      └── which v4.4.2
          └── bindgen v0.69.5
              ├── (build) io-uring v0.7.14
              │   ├── entropyfs v0.7.12 (*)
              │   └── libublk v0.4.7
              │       └── entropyfs v0.7.12 (*)
              └── (build) libublk-rs-sys v0.1.1
                  └── libublk v0.4.7 (*)
    ├ rustix v1.1.4
      ├── async-io v2.6.0
      │   ├── async-net v2.0.0
      │   │   └── smol v2.0.2
      │   │       └── libublk v0.4.7
      │   │           └── entropyfs v0.7.12
      │   ├── async-process v2.5.0
      │   │   └── smol v2.0.2 (*)
      │   ├── async-signal v0.2.14
      │   │   ├── async-process v1.8.1
      │   │   │   └── smol v1.3.0
      │   │   │       └── entropyfs v0.7.12 (*)
      │   │   └── async-process v2.5.0 (*)
      │   └── smol v2.0.2 (*)
      ├── async-process v2.5.0 (*)
      ├── async-signal v0.2.14 (*)
      ├── entropyfs v0.7.12 (*)
      ├── polling v3.11.0
      │   └── async-io v2.6.0 (*)
      └── tempfile v3.27.0
          ├── entropyfs v0.7.12 (*)
          ├── proptest v1.11.0
          │   └── (dev) entropyfs v0.7.12 (*)
          └── rusty-fork v0.3.1
              └── proptest v1.11.0 (*)

warning[duplicate]: found 2 duplicate entries for crate 'shlex'
    ┌─ /mnt/1tb_kingston/entropyfs/Cargo.lock:169:1
    │  
169 │ ╭ shlex 1.3.0 registry+https://github.com/rust-lang/crates.io-index
170 │ │ shlex 2.0.1 registry+https://github.com/rust-lang/crates.io-index
    │ ╰─────────────────────────────────────────────────────────────────┘ lock entries
    │  
    ├ shlex v1.3.0
      └── bindgen v0.69.5
          ├── (build) io-uring v0.7.14
          │   ├── entropyfs v0.7.12
          │   └── libublk v0.4.7
          │       └── entropyfs v0.7.12 (*)
          └── (build) libublk-rs-sys v0.1.1
              └── libublk v0.4.7 (*)
    ├ shlex v2.0.1
      └── cc v1.4.4
          └── (build) blake3 v1.8.7
              └── entropyfs v0.7.12

warning[duplicate]: found 2 duplicate entries for crate 'smol'
    ┌─ /mnt/1tb_kingston/entropyfs/Cargo.lock:174:1
    │  
174 │ ╭ smol 1.3.0 registry+https://github.com/rust-lang/crates.io-index
175 │ │ smol 2.0.2 registry+https://github.com/rust-lang/crates.io-index
    │ ╰────────────────────────────────────────────────────────────────┘ lock entries
    │  
    ├ smol v1.3.0
      └── entropyfs v0.7.12
    ├ smol v2.0.2
      └── libublk v0.4.7
          └── entropyfs v0.7.12

warning[duplicate]: found 2 duplicate entries for crate 'syn'
    ┌─ /mnt/1tb_kingston/entropyfs/Cargo.lock:178:1
    │  
178 │ ╭ syn 2.0.119 registry+https://github.com/rust-lang/crates.io-index
179 │ │ syn 3.0.4 registry+https://github.com/rust-lang/crates.io-index
    │ ╰───────────────────────────────────────────────────────────────┘ lock entries
    │  
    ├ syn v2.0.119
      ├── bindgen v0.69.5
      │   ├── (build) io-uring v0.7.14
      │   │   ├── entropyfs v0.7.12
      │   │   └── libublk v0.4.7
      │   │       └── entropyfs v0.7.12 (*)
      │   └── (build) libublk-rs-sys v0.1.1
      │       └── libublk v0.4.7 (*)
      ├── darling_core v0.21.3
      │   ├── darling v0.21.3
      │   │   └── derive_setters v0.1.9
      │   │       └── libublk v0.4.7 (*)
      │   └── darling_macro v0.21.3
      │       └── darling v0.21.3 (*)
      ├── darling_macro v0.21.3 (*)
      ├── derive_setters v0.1.9 (*)
      ├── num_enum_derive v0.7.6
      │   └── num_enum v0.7.6
      │       └── fuser v0.18.0
      │           └── entropyfs v0.7.12 (*)
      ├── prettyplease v0.2.37
      │   └── bindgen v0.69.5 (*)
      ├── thiserror-impl v1.0.69
      │   └── thiserror v1.0.69
      │       └── libublk v0.4.7 (*)
      └── zerocopy-derive v0.8.56
          └── zerocopy v0.8.56
              ├── fuser v0.18.0 (*)
              └── ppv-lite86 v0.2.21
                  ├── rand_chacha v0.3.1
                  │   └── rand v0.8.7
                  │       ├── dsfb v0.1.2
                  │       │   └── entropyfs v0.7.12 (*)
                  │       └── rand_distr v0.4.3
                  │           └── dsfb v0.1.2 (*)
                  └── rand_chacha v0.9.0
                      └── proptest v1.11.0
                          └── (dev) entropyfs v0.7.12 (*)
    ├ syn v3.0.4
      ├── clap_derive v4.6.4
      │   └── clap v4.6.6
      │       └── entropyfs v0.7.12
      ├── ref-cast-impl v1.0.27
      │   └── ref-cast v1.0.27
      │       └── fuser v0.18.0
      │           └── entropyfs v0.7.12 (*)
      └── serde_derive v1.0.229
          └── serde v1.0.229
              ├── entropyfs v0.7.12 (*)
              ├── libublk v0.4.7
              │   └── entropyfs v0.7.12 (*)
              └── libublk-rs-sys v0.1.1
                  └── libublk v0.4.7 (*)

warning[duplicate]: found 3 duplicate entries for crate 'windows-sys'
    ┌─ /mnt/1tb_kingston/entropyfs/Cargo.lock:202:1
    │  
202 │ ╭ windows-sys 0.48.0 registry+https://github.com/rust-lang/crates.io-index
203 │ │ windows-sys 0.59.0 registry+https://github.com/rust-lang/crates.io-index
204 │ │ windows-sys 0.61.2 registry+https://github.com/rust-lang/crates.io-index
    │ ╰────────────────────────────────────────────────────────────────────────┘ lock entries
    │  
    ├ windows-sys v0.48.0
      ├── async-process v1.8.1
      │   └── smol v1.3.0
      │       └── entropyfs v0.7.12
      ├── io-lifetimes v1.0.11
      │   └── rustix v0.37.28
      │       └── async-io v1.13.0
      │           ├── async-net v1.8.0
      │           │   └── smol v1.3.0 (*)
      │           ├── async-process v1.8.1 (*)
      │           └── smol v1.3.0 (*)
      ├── polling v2.8.0
      │   └── async-io v1.13.0 (*)
      └── rustix v0.37.28 (*)
    ├ windows-sys v0.59.0
      ├── home v0.5.11
      │   └── which v4.4.2
      │       └── bindgen v0.69.5
      │           ├── (build) io-uring v0.7.14
      │           │   ├── entropyfs v0.7.12
      │           │   └── libublk v0.4.7
      │           │       └── entropyfs v0.7.12 (*)
      │           └── (build) libublk-rs-sys v0.1.1
      │               └── libublk v0.4.7 (*)
      └── rustix v0.38.44
          ├── async-process v1.8.1
          │   └── smol v1.3.0
          │       └── entropyfs v0.7.12 (*)
          └── which v4.4.2 (*)
    ├ windows-sys v0.61.2
      ├── anstyle-query v1.1.5
      │   └── anstream v1.0.0
      │       └── clap_builder v4.6.6
      │           └── clap v4.6.6
      │               └── entropyfs v0.7.12
      ├── anstyle-wincon v3.0.11
      │   └── anstream v1.0.0 (*)
      ├── async-io v2.6.0
      │   ├── async-net v2.0.0
      │   │   └── smol v2.0.2
      │   │       └── libublk v0.4.7
      │   │           └── entropyfs v0.7.12 (*)
      │   ├── async-process v2.5.0
      │   │   └── smol v2.0.2 (*)
      │   ├── async-signal v0.2.14
      │   │   ├── async-process v1.8.1
      │   │   │   └── smol v1.3.0
      │   │   │       └── entropyfs v0.7.12 (*)
      │   │   └── async-process v2.5.0 (*)
      │   └── smol v2.0.2 (*)
      ├── async-signal v0.2.14 (*)
      ├── ctrlc v3.5.2
      │   └── entropyfs v0.7.12 (*)
      ├── errno v0.3.14
      │   ├── rustix v0.37.28
      │   │   └── async-io v1.13.0
      │   │       ├── async-net v1.8.0
      │   │       │   └── smol v1.3.0 (*)
      │   │       ├── async-process v1.8.1 (*)
      │   │       └── smol v1.3.0 (*)
      │   ├── rustix v0.38.44
      │   │   ├── async-process v1.8.1 (*)
      │   │   └── which v4.4.2
      │   │       └── bindgen v0.69.5
      │   │           ├── (build) io-uring v0.7.14
      │   │           │   ├── entropyfs v0.7.12 (*)
      │   │           │   └── libublk v0.4.7 (*)
      │   │           └── (build) libublk-rs-sys v0.1.1
      │   │               └── libublk v0.4.7 (*)
      │   ├── rustix v1.1.4
      │   │   ├── async-io v2.6.0 (*)
      │   │   ├── async-process v2.5.0 (*)
      │   │   ├── async-signal v0.2.14 (*)
      │   │   ├── entropyfs v0.7.12 (*)
      │   │   ├── polling v3.11.0
      │   │   │   └── async-io v2.6.0 (*)
      │   │   └── tempfile v3.27.0
      │   │       ├── entropyfs v0.7.12 (*)
      │   │       ├── proptest v1.11.0
      │   │       │   └── (dev) entropyfs v0.7.12 (*)
      │   │       └── rusty-fork v0.3.1
      │   │           └── proptest v1.11.0 (*)
      │   └── signal-hook-registry v1.4.8
      │       └── async-signal v0.2.14 (*)
      ├── polling v3.11.0 (*)
      ├── rustix v1.1.4 (*)
      └── tempfile v3.27.0 (*)

warning[duplicate]: found 2 duplicate entries for crate 'windows-targets'
    ┌─ /mnt/1tb_kingston/entropyfs/Cargo.lock:205:1
    │  
205 │ ╭ windows-targets 0.48.5 registry+https://github.com/rust-lang/crates.io-index
206 │ │ windows-targets 0.52.6 registry+https://github.com/rust-lang/crates.io-index
    │ ╰────────────────────────────────────────────────────────────────────────────┘ lock entries
    │  
    ├ windows-targets v0.48.5
      └── windows-sys v0.48.0
          ├── async-process v1.8.1
          │   └── smol v1.3.0
          │       └── entropyfs v0.7.12
          ├── io-lifetimes v1.0.11
          │   └── rustix v0.37.28
          │       └── async-io v1.13.0
          │           ├── async-net v1.8.0
          │           │   └── smol v1.3.0 (*)
          │           ├── async-process v1.8.1 (*)
          │           └── smol v1.3.0 (*)
          ├── polling v2.8.0
          │   └── async-io v1.13.0 (*)
          └── rustix v0.37.28 (*)
    ├ windows-targets v0.52.6
      └── windows-sys v0.59.0
          ├── home v0.5.11
          │   └── which v4.4.2
          │       └── bindgen v0.69.5
          │           ├── (build) io-uring v0.7.14
          │           │   ├── entropyfs v0.7.12
          │           │   └── libublk v0.4.7
          │           │       └── entropyfs v0.7.12 (*)
          │           └── (build) libublk-rs-sys v0.1.1
          │               └── libublk v0.4.7 (*)
          └── rustix v0.38.44
              ├── async-process v1.8.1
              │   └── smol v1.3.0
              │       └── entropyfs v0.7.12 (*)
              └── which v4.4.2 (*)

warning[duplicate]: found 2 duplicate entries for crate 'windows_aarch64_gnullvm'
    ┌─ /mnt/1tb_kingston/entropyfs/Cargo.lock:207:1
    │  
207 │ ╭ windows_aarch64_gnullvm 0.48.5 registry+https://github.com/rust-lang/crates.io-index
208 │ │ windows_aarch64_gnullvm 0.52.6 registry+https://github.com/rust-lang/crates.io-index
    │ ╰────────────────────────────────────────────────────────────────────────────────────┘ lock entries
    │  
    ├ windows_aarch64_gnullvm v0.48.5
      └── windows-targets v0.48.5
          └── windows-sys v0.48.0
              ├── async-process v1.8.1
              │   └── smol v1.3.0
              │       └── entropyfs v0.7.12
              ├── io-lifetimes v1.0.11
              │   └── rustix v0.37.28
              │       └── async-io v1.13.0
              │           ├── async-net v1.8.0
              │           │   └── smol v1.3.0 (*)
              │           ├── async-process v1.8.1 (*)
              │           └── smol v1.3.0 (*)
              ├── polling v2.8.0
              │   └── async-io v1.13.0 (*)
              └── rustix v0.37.28 (*)
    ├ windows_aarch64_gnullvm v0.52.6
      └── windows-targets v0.52.6
          └── windows-sys v0.59.0
              ├── home v0.5.11
              │   └── which v4.4.2
              │       └── bindgen v0.69.5
              │           ├── (build) io-uring v0.7.14
              │           │   ├── entropyfs v0.7.12
              │           │   └── libublk v0.4.7
              │           │       └── entropyfs v0.7.12 (*)
              │           └── (build) libublk-rs-sys v0.1.1
              │               └── libublk v0.4.7 (*)
              └── rustix v0.38.44
                  ├── async-process v1.8.1
                  │   └── smol v1.3.0
                  │       └── entropyfs v0.7.12 (*)
                  └── which v4.4.2 (*)

warning[duplicate]: found 2 duplicate entries for crate 'windows_aarch64_msvc'
    ┌─ /mnt/1tb_kingston/entropyfs/Cargo.lock:209:1
    │  
209 │ ╭ windows_aarch64_msvc 0.48.5 registry+https://github.com/rust-lang/crates.io-index
210 │ │ windows_aarch64_msvc 0.52.6 registry+https://github.com/rust-lang/crates.io-index
    │ ╰─────────────────────────────────────────────────────────────────────────────────┘ lock entries
    │  
    ├ windows_aarch64_msvc v0.48.5
      └── windows-targets v0.48.5
          └── windows-sys v0.48.0
              ├── async-process v1.8.1
              │   └── smol v1.3.0
              │       └── entropyfs v0.7.12
              ├── io-lifetimes v1.0.11
              │   └── rustix v0.37.28
              │       └── async-io v1.13.0
              │           ├── async-net v1.8.0
              │           │   └── smol v1.3.0 (*)
              │           ├── async-process v1.8.1 (*)
              │           └── smol v1.3.0 (*)
              ├── polling v2.8.0
              │   └── async-io v1.13.0 (*)
              └── rustix v0.37.28 (*)
    ├ windows_aarch64_msvc v0.52.6
      └── windows-targets v0.52.6
          └── windows-sys v0.59.0
              ├── home v0.5.11
              │   └── which v4.4.2
              │       └── bindgen v0.69.5
              │           ├── (build) io-uring v0.7.14
              │           │   ├── entropyfs v0.7.12
              │           │   └── libublk v0.4.7
              │           │       └── entropyfs v0.7.12 (*)
              │           └── (build) libublk-rs-sys v0.1.1
              │               └── libublk v0.4.7 (*)
              └── rustix v0.38.44
                  ├── async-process v1.8.1
                  │   └── smol v1.3.0
                  │       └── entropyfs v0.7.12 (*)
                  └── which v4.4.2 (*)

warning[duplicate]: found 2 duplicate entries for crate 'windows_i686_gnu'
    ┌─ /mnt/1tb_kingston/entropyfs/Cargo.lock:211:1
    │  
211 │ ╭ windows_i686_gnu 0.48.5 registry+https://github.com/rust-lang/crates.io-index
212 │ │ windows_i686_gnu 0.52.6 registry+https://github.com/rust-lang/crates.io-index
    │ ╰─────────────────────────────────────────────────────────────────────────────┘ lock entries
    │  
    ├ windows_i686_gnu v0.48.5
      └── windows-targets v0.48.5
          └── windows-sys v0.48.0
              ├── async-process v1.8.1
              │   └── smol v1.3.0
              │       └── entropyfs v0.7.12
              ├── io-lifetimes v1.0.11
              │   └── rustix v0.37.28
              │       └── async-io v1.13.0
              │           ├── async-net v1.8.0
              │           │   └── smol v1.3.0 (*)
              │           ├── async-process v1.8.1 (*)
              │           └── smol v1.3.0 (*)
              ├── polling v2.8.0
              │   └── async-io v1.13.0 (*)
              └── rustix v0.37.28 (*)
    ├ windows_i686_gnu v0.52.6
      └── windows-targets v0.52.6
          └── windows-sys v0.59.0
              ├── home v0.5.11
              │   └── which v4.4.2
              │       └── bindgen v0.69.5
              │           ├── (build) io-uring v0.7.14
              │           │   ├── entropyfs v0.7.12
              │           │   └── libublk v0.4.7
              │           │       └── entropyfs v0.7.12 (*)
              │           └── (build) libublk-rs-sys v0.1.1
              │               └── libublk v0.4.7 (*)
              └── rustix v0.38.44
                  ├── async-process v1.8.1
                  │   └── smol v1.3.0
                  │       └── entropyfs v0.7.12 (*)
                  └── which v4.4.2 (*)

warning[duplicate]: found 2 duplicate entries for crate 'windows_i686_msvc'
    ┌─ /mnt/1tb_kingston/entropyfs/Cargo.lock:214:1
    │  
214 │ ╭ windows_i686_msvc 0.48.5 registry+https://github.com/rust-lang/crates.io-index
215 │ │ windows_i686_msvc 0.52.6 registry+https://github.com/rust-lang/crates.io-index
    │ ╰──────────────────────────────────────────────────────────────────────────────┘ lock entries
    │  
    ├ windows_i686_msvc v0.48.5
      └── windows-targets v0.48.5
          └── windows-sys v0.48.0
              ├── async-process v1.8.1
              │   └── smol v1.3.0
              │       └── entropyfs v0.7.12
              ├── io-lifetimes v1.0.11
              │   └── rustix v0.37.28
              │       └── async-io v1.13.0
              │           ├── async-net v1.8.0
              │           │   └── smol v1.3.0 (*)
              │           ├── async-process v1.8.1 (*)
              │           └── smol v1.3.0 (*)
              ├── polling v2.8.0
              │   └── async-io v1.13.0 (*)
              └── rustix v0.37.28 (*)
    ├ windows_i686_msvc v0.52.6
      └── windows-targets v0.52.6
          └── windows-sys v0.59.0
              ├── home v0.5.11
              │   └── which v4.4.2
              │       └── bindgen v0.69.5
              │           ├── (build) io-uring v0.7.14
              │           │   ├── entropyfs v0.7.12
              │           │   └── libublk v0.4.7
              │           │       └── entropyfs v0.7.12 (*)
              │           └── (build) libublk-rs-sys v0.1.1
              │               └── libublk v0.4.7 (*)
              └── rustix v0.38.44
                  ├── async-process v1.8.1
                  │   └── smol v1.3.0
                  │       └── entropyfs v0.7.12 (*)
                  └── which v4.4.2 (*)

warning[duplicate]: found 2 duplicate entries for crate 'windows_x86_64_gnu'
    ┌─ /mnt/1tb_kingston/entropyfs/Cargo.lock:216:1
    │  
216 │ ╭ windows_x86_64_gnu 0.48.5 registry+https://github.com/rust-lang/crates.io-index
217 │ │ windows_x86_64_gnu 0.52.6 registry+https://github.com/rust-lang/crates.io-index
    │ ╰───────────────────────────────────────────────────────────────────────────────┘ lock entries
    │  
    ├ windows_x86_64_gnu v0.48.5
      └── windows-targets v0.48.5
          └── windows-sys v0.48.0
              ├── async-process v1.8.1
              │   └── smol v1.3.0
              │       └── entropyfs v0.7.12
              ├── io-lifetimes v1.0.11
              │   └── rustix v0.37.28
              │       └── async-io v1.13.0
              │           ├── async-net v1.8.0
              │           │   └── smol v1.3.0 (*)
              │           ├── async-process v1.8.1 (*)
              │           └── smol v1.3.0 (*)
              ├── polling v2.8.0
              │   └── async-io v1.13.0 (*)
              └── rustix v0.37.28 (*)
    ├ windows_x86_64_gnu v0.52.6
      └── windows-targets v0.52.6
          └── windows-sys v0.59.0
              ├── home v0.5.11
              │   └── which v4.4.2
              │       └── bindgen v0.69.5
              │           ├── (build) io-uring v0.7.14
              │           │   ├── entropyfs v0.7.12
              │           │   └── libublk v0.4.7
              │           │       └── entropyfs v0.7.12 (*)
              │           └── (build) libublk-rs-sys v0.1.1
              │               └── libublk v0.4.7 (*)
              └── rustix v0.38.44
                  ├── async-process v1.8.1
                  │   └── smol v1.3.0
                  │       └── entropyfs v0.7.12 (*)
                  └── which v4.4.2 (*)

warning[duplicate]: found 2 duplicate entries for crate 'windows_x86_64_gnullvm'
    ┌─ /mnt/1tb_kingston/entropyfs/Cargo.lock:218:1
    │  
218 │ ╭ windows_x86_64_gnullvm 0.48.5 registry+https://github.com/rust-lang/crates.io-index
219 │ │ windows_x86_64_gnullvm 0.52.6 registry+https://github.com/rust-lang/crates.io-index
    │ ╰───────────────────────────────────────────────────────────────────────────────────┘ lock entries
    │  
    ├ windows_x86_64_gnullvm v0.48.5
      └── windows-targets v0.48.5
          └── windows-sys v0.48.0
              ├── async-process v1.8.1
              │   └── smol v1.3.0
              │       └── entropyfs v0.7.12
              ├── io-lifetimes v1.0.11
              │   └── rustix v0.37.28
              │       └── async-io v1.13.0
              │           ├── async-net v1.8.0
              │           │   └── smol v1.3.0 (*)
              │           ├── async-process v1.8.1 (*)
              │           └── smol v1.3.0 (*)
              ├── polling v2.8.0
              │   └── async-io v1.13.0 (*)
              └── rustix v0.37.28 (*)
    ├ windows_x86_64_gnullvm v0.52.6
      └── windows-targets v0.52.6
          └── windows-sys v0.59.0
              ├── home v0.5.11
              │   └── which v4.4.2
              │       └── bindgen v0.69.5
              │           ├── (build) io-uring v0.7.14
              │           │   ├── entropyfs v0.7.12
              │           │   └── libublk v0.4.7
              │           │       └── entropyfs v0.7.12 (*)
              │           └── (build) libublk-rs-sys v0.1.1
              │               └── libublk v0.4.7 (*)
              └── rustix v0.38.44
                  ├── async-process v1.8.1
                  │   └── smol v1.3.0
                  │       └── entropyfs v0.7.12 (*)
                  └── which v4.4.2 (*)

warning[duplicate]: found 2 duplicate entries for crate 'windows_x86_64_msvc'
    ┌─ /mnt/1tb_kingston/entropyfs/Cargo.lock:220:1
    │  
220 │ ╭ windows_x86_64_msvc 0.48.5 registry+https://github.com/rust-lang/crates.io-index
221 │ │ windows_x86_64_msvc 0.52.6 registry+https://github.com/rust-lang/crates.io-index
    │ ╰────────────────────────────────────────────────────────────────────────────────┘ lock entries
    │  
    ├ windows_x86_64_msvc v0.48.5
      └── windows-targets v0.48.5
          └── windows-sys v0.48.0
              ├── async-process v1.8.1
              │   └── smol v1.3.0
              │       └── entropyfs v0.7.12
              ├── io-lifetimes v1.0.11
              │   └── rustix v0.37.28
              │       └── async-io v1.13.0
              │           ├── async-net v1.8.0
              │           │   └── smol v1.3.0 (*)
              │           ├── async-process v1.8.1 (*)
              │           └── smol v1.3.0 (*)
              ├── polling v2.8.0
              │   └── async-io v1.13.0 (*)
              └── rustix v0.37.28 (*)
    ├ windows_x86_64_msvc v0.52.6
      └── windows-targets v0.52.6
          └── windows-sys v0.59.0
              ├── home v0.5.11
              │   └── which v4.4.2
              │       └── bindgen v0.69.5
              │           ├── (build) io-uring v0.7.14
              │           │   ├── entropyfs v0.7.12
              │           │   └── libublk v0.4.7
              │           │       └── entropyfs v0.7.12 (*)
              │           └── (build) libublk-rs-sys v0.1.1
              │               └── libublk v0.4.7 (*)
              └── rustix v0.38.44
                  ├── async-process v1.8.1
                  │   └── smol v1.3.0
                  │       └── entropyfs v0.7.12 (*)
                  └── which v4.4.2 (*)

advisories ok, bans ok, licenses ok, sources ok
