== phase-12E.19 CI matrix: rev=7233afa ==
-- lane: fmt --
  PASS
-- lane: clippy --
  PASS
-- lane: msrv --
  PASS
-- lane: feature-matrix --
  PASS
-- lane: audit --
  PASS
-- lane: deny --
  PASS
  suite failed; running the flake protocol (failing tests alone)
  PASS (flake confirmed: worker_pool_probe::pool_probe_gates)
-- lane: ffi-smoke --
  PASS
-- lane: go-binding --
  PASS
io_uring:
storage transport (Phase 10F): SyncIo (reference path, default) | UringIo (io_uring)
safety ledger: 1 confined file (platform/io_uring.rs; see docs/security/unsafe-ledger.md)
kernel fuse io_uring: disabled (informational)
io_uring transport: available
io_uring ops: READ/WRITE (kernel 5.6+), FSYNC (5.1+), UNLINKAT (5.11+)
fuse:
  /dev/fuse present
kernel:
7.2.0-1-cachyos
sealed: /tmp/efs-ci-matrix-ELvi9z
