[stage 3] toolchain
[stage 4] build
crates compiled: 167
[stage 5] release courts
test result: ok. 9 passed; 0 failed; 0 ignored; 0 measured; 459 filtered out; finished in 0.00s


[stage 6] install
entropyfs 0.7.12
[stage 7] mkfs
created entropyfs store at /store (uuid 22222222222222222222222222222222)
[stage 8] engine API smoke
metrics: blob_count=1 format=1.0 backend=sync
engine smoke: OK
[stage 9] SyncIo smoke (same run)
[stage 10] UringIo
uring smoke: OK
[stage 11] FUSE mount
fuse mount: OK (pid 5240)
[stage 12] POSIX smoke
POSIX smoke: OK
[stage 13] unmount
unmount: ok (or already detached)
[stage 14] fsck --json
fsck status: clean | findings: 1
[stage 15] reopen + verify
reopen + verify: OK
[stage 16] compact / GC
  torn                           0 B (  0.0%)
  zero padding                   0 B (  0.0%)
  format overhead                4 B (  0.1%)
  unexplained                    0 B  [must be 0]
[stage 17] reopen + fsck
post-gc fsck status: clean
[stage 18] Go binding
[stage 18] installing pinned upstream go1.24.6 (linux-amd64)
ok  	github.com/infinityabundance/entropyfs/go/entropyfs	1.150s
ok  	github.com/infinityabundance/entropyfs/go/examples/content-store	1.007s
go binding (race gate): OK
== distro court leap-16.0-minimal: DONE ==
