   Compiling proc-macro2 v1.0.107
   Compiling unicode-ident v1.0.24
   Compiling quote v1.0.47
   Compiling glob v0.3.4
   Compiling libc v0.2.189
   Compiling prettyplease v0.2.37
   Compiling regex-syntax v0.8.11
   Compiling memchr v2.8.3
   Compiling cfg-if v1.0.4
   Compiling minimal-lexical v0.2.1
   Compiling bindgen v0.70.1
   Compiling either v1.18.0
   Compiling shlex v1.3.0
   Compiling bitflags v2.13.1
   Compiling log v0.4.34
   Compiling rustc-hash v1.1.0
   Compiling libloading v0.8.9
   Compiling itertools v0.13.0
   Compiling nom v7.1.3
   Compiling regex-automata v0.4.18
   Compiling clang-sys v1.9.1
   Compiling regex v1.13.1
   Compiling cexpr v0.6.0
   Compiling syn v2.0.119
   Compiling bindgen-workload v0.1.0 (/mnt/1tb_kingston/entropyfs/target/court-mnt/work)
    Finished `release` profile [optimized] target(s) in 9.45s
