   Compiling entropyfs v0.7.11 (/mnt/1tb_kingston/entropyfs)
warning: variable does not need to be mutable
   --> src/dsfb/semantics.rs:227:13
    |
227 |         let mut step = (sample.len() / 2048).max(1);
    |             ----^^^^
    |             |
    |             help: remove this `mut`
    |
    = note: `#[warn(unused_mut)]` (part of `#[warn(unused)]`) on by default

warning: variable does not need to be mutable
    --> src/store/mod.rs:6358:29
     |
6358 |                         let mut cur = Store::inode_for_tx(tx, *child)?;
     |                             ----^^^
     |                             |
     |                             help: remove this `mut`

warning: unused variable: `i`
   --> src/tests/dsfb_semantics_probe.rs:113:9
    |
113 |     for i in 0..4u64 {
    |         ^ help: if this is intentional, prefix it with an underscore: `_i`
    |
    = note: `#[warn(unused_variables)]` (part of `#[warn(unused)]`) on by default

warning: unused variable: `i`
   --> src/tests/dsfb_semantics_probe.rs:126:9
    |
126 |     for i in 0..2u64 {
    |         ^ help: if this is intentional, prefix it with an underscore: `_i`

warning: unused variable: `i`
   --> src/tests/dsfb_semantics_probe.rs:255:10
    |
255 |     for (i, (path, v1)) in names.iter().enumerate() {
    |          ^ help: if this is intentional, prefix it with an underscore: `_i`

warning: unused variable: `start`
   --> src/tests/grammar_oracle.rs:251:29
    |
251 |                         let start = pos.min(r.len());
    |                             ^^^^^ help: if this is intentional, prefix it with an underscore: `_start`

warning: unused variable: `prepared`
   --> src/tests/perf_reconciled.rs:311:13
    |
311 |         let prepared = store
    |             ^^^^^^^^ help: if this is intentional, prefix it with an underscore: `_prepared`

warning: type `Composed` is more private than the item `workers::WorkerTask::EncodeChunk::composed`
    --> src/store/workers.rs:384:9
     |
 384 |         composed: super::Composed,
     |         ^^^^^^^^^^^^^^^^^^^^^^^^^ field `workers::WorkerTask::EncodeChunk::composed` is reachable at visibility `pub`
     |
note: but type `Composed` is only usable at visibility `pub(crate)`
    --> src/store/mod.rs:3394:1
     |
3394 | pub(crate) struct Composed {
     | ^^^^^^^^^^^^^^^^^^^^^^^^^^
     = note: `#[warn(private_interfaces)]` on by default

warning: function `percentile` is never used
   --> src/tests/dsfb_semantics_probe.rs:190:4
    |
190 | fn percentile(sorted: &[f64], q: f64) -> f64 {
    |    ^^^^^^^^^^
    |
    = note: `#[warn(dead_code)]` (part of `#[warn(unused)]`) on by default

warning: fields `candidates`, `chunks`, and `raw_wins` are never read
   --> src/tests/dsfb_semantics_probe.rs:200:5
    |
197 | struct ModeResult {
    |        ---------- fields in this struct
...
200 |     candidates: u64,
    |     ^^^^^^^^^^
201 |     chunks: u64,
    |     ^^^^^^
...
204 |     raw_wins: u64,
    |     ^^^^^^^^

warning: constant `MAX_MEMBERS` is never used
  --> src/tests/grammar_oracle.rs:79:7
   |
79 | const MAX_MEMBERS: usize = 512;
   |       ^^^^^^^^^^^

warning: function `contains` is never used
   --> src/tests/grammar_oracle.rs:214:4
    |
214 | fn contains(haystack: &[u8], needle: &[u8]) -> bool {
    |    ^^^^^^^^

warning: struct `NoProvider` is never constructed
   --> src/tests/io_backend_parity.rs:171:24
    |
171 |                 struct NoProvider;
    |                        ^^^^^^^^^^

warning: missing documentation for a module
    --> src/store/workers.rs:1036:1
     |
1036 | pub mod tests {
     | ^^^^^^^^^^^^^
     |
note: the lint level is defined here
    --> src/lib.rs:19:9
     |
  19 | #![warn(missing_docs)]
     |         ^^^^^^^^^^^^

warning: `entropyfs` (lib test) generated 14 warnings (run `cargo fix --lib -p entropyfs --tests` to apply 7 suggestions)
    Finished `release` profile [optimized + debuginfo] target(s) in 53.76s
     Running unittests src/lib.rs (target/release/deps/entropyfs-d0ca85a157281aa9)

running 1 test

==== Phase-12D grammar oracle (n = 200; 7.149345 s) ====
corpus: generated-config — 200 files, 12015600 logical bytes, grammar skeleton 60059 B, 2 slots/member
representation                bytes     ratio    vs efs
grammar (fully accounted)        66059   181.89x 89.31x efs
EntropyFS foreground        5899905     2.04x         —
EntropyFS settled (+dict)       465068    25.84x         —
zstd -19 whole pack           29731   404.14x 198.44287107732669
diverse negative control: grammar 13109200 B (1.00x), EntropyFS fg 5350054 B (2.45x), settled 5347872 B, zstd Some(5377719)

-- verdict --
STOP per the brief's gate: the fully-accounted RAW-skeleton grammar beats EntropyFS settled (7.0x) but NOT every incumbent — zstd-whole (29731 B vs grammar 66059 B, grammar is 2.2x LARGER). The identified refinement: the grammar object is itself data and must be entropy-coded (the brief's 'persisted entropy'); the raw-skeleton accounting is the conservative bound. 12D-1 (the format-bit investigation) is NOT justified on this evidence.
oracle summary written to /mnt/1tb_kingston/entropyfs/evidence/performance/grammar-oracle-1787794940-9ee533c/summary.tsv
test tests::grammar_oracle::grammar_oracle ... ok

test result: ok. 1 passed; 0 failed; 0 ignored; 0 measured; 435 filtered out; finished in 7.67s

